CODONML (in paml version 4.9j, October 2019)  paml_major_head_protein.phy
Model: One dN/dS ratio, 
Codon frequency model: F3x4
ns =  11  ls = 333

Codon usage in sequences
--------------------------------------------------------------------------------------------------------------------------------------
Phe TTT   5   5   5   5   5   5 | Ser TCT  11  11  11  11  11  11 | Tyr TAT   8   8   8   8   8  10 | Cys TGT   1   1   1   1   1   1
    TTC  13  13  13  13  13  13 |     TCC   3   3   3   3   3   3 |     TAC   4   4   4   4   4   2 |     TGC   0   0   0   0   0   0
Leu TTA   1   1   1   1   1   1 |     TCA   1   1   1   1   1   1 | *** TAA   0   0   0   0   0   0 | *** TGA   0   0   0   0   0   0
    TTG   0   0   0   0   0   0 |     TCG   1   1   1   1   1   1 |     TAG   0   0   0   0   0   0 | Trp TGG   3   3   3   3   3   3
--------------------------------------------------------------------------------------------------------------------------------------
Leu CTT   4   4   4   4   4   4 | Pro CCT   7   7   7   7   7   7 | His CAT   1   1   1   1   1   1 | Arg CGT  13  12  12  12  12  12
    CTC   1   1   1   1   1   1 |     CCC   0   0   0   0   0   0 |     CAC   3   3   3   3   3   3 |     CGC   5   6   6   6   6   6
    CTA   0   0   0   0   0   0 |     CCA   6   6   6   6   5   6 | Gln CAA   4   4   4   4   4   5 |     CGA   0   0   0   0   0   0
    CTG  18  18  18  18  18  18 |     CCG   1   1   1   1   2   1 |     CAG  13  13  13  13  13  12 |     CGG   0   0   0   0   0   0
--------------------------------------------------------------------------------------------------------------------------------------
Ile ATT   8   8   8   8   8   8 | Thr ACT   9   8   9   9   9   9 | Asn AAT   4   3   3   3   4   3 | Ser AGT   0   1   1   1   1   1
    ATC  14  14  14  14  14  14 |     ACC  11  12  11  11  11  11 |     AAC  13  13  13  13  12  13 |     AGC   6   5   5   5   5   5
    ATA   0   0   0   0   0   0 |     ACA   2   2   2   2   2   2 | Lys AAA  12  12  12  12  12  12 | Arg AGA   0   0   0   0   0   0
Met ATG  10  10  10  10  10  10 |     ACG   1   1   1   1   1   1 |     AAG   0   0   0   0   0   0 |     AGG   0   0   0   0   0   0
--------------------------------------------------------------------------------------------------------------------------------------
Val GTT  13  13  13  13  13  13 | Ala GCT  18  19  19  19  19  19 | Asp GAT  12  12  12  12  12  12 | Gly GGT  12  13  13  13  13  13
    GTC   0   0   0   0   0   0 |     GCC   3   3   3   3   3   3 |     GAC   6   6   6   6   6   6 |     GGC   2   2   2   2   2   2
    GTA   8   8   8   8   8   8 |     GCA  11  13  13  14  12  12 | Glu GAA  17  18  19  18  19  19 |     GGA   2   2   2   2   2   2
    GTG   1   1   1   1   1   1 |     GCG   6   3   3   2   4   4 |     GAG   5   4   3   4   3   3 |     GGG   0   0   0   0   0   0
--------------------------------------------------------------------------------------------------------------------------------------

----------------------------------------------------------------------------------------------------------------------
Phe TTT   5   5   5   5   5 | Ser TCT  11  11  11  11  11 | Tyr TAT   8   8   8   8   8 | Cys TGT   1   1   1   1   1
    TTC  13  13  13  13  13 |     TCC   3   3   3   3   3 |     TAC   4   4   4   4   4 |     TGC   0   0   0   0   0
Leu TTA   1   1   1   1   1 |     TCA   1   1   1   1   1 | *** TAA   0   0   0   0   0 | *** TGA   0   0   0   0   0
    TTG   0   0   0   0   0 |     TCG   1   1   1   1   1 |     TAG   0   0   0   0   0 | Trp TGG   3   3   3   3   3
----------------------------------------------------------------------------------------------------------------------
Leu CTT   4   4   4   4   4 | Pro CCT   7   7   7   7   7 | His CAT   1   1   1   1   1 | Arg CGT  12  12  13  13  12
    CTC   1   1   1   1   1 |     CCC   0   0   0   0   0 |     CAC   3   3   3   3   3 |     CGC   6   6   5   5   6
    CTA   0   0   0   0   0 |     CCA   6   6   6   6   5 | Gln CAA   4   4   4   5   4 |     CGA   0   0   0   0   0
    CTG  18  18  18  18  18 |     CCG   1   1   1   1   1 |     CAG  13  13  13  12  13 |     CGG   0   0   0   0   0
----------------------------------------------------------------------------------------------------------------------
Ile ATT   8   9   8   8   8 | Thr ACT   9  10  10   9   9 | Asn AAT   3   3   4   4   3 | Ser AGT   1   1   0   0   1
    ATC  14  13  14  14  14 |     ACC  11  10  10  11  11 |     AAC  13  13  13  13  13 |     AGC   5   5   6   6   5
    ATA   0   0   0   0   0 |     ACA   2   2   2   2   3 | Lys AAA  12  12  12  12  12 | Arg AGA   0   0   0   0   0
Met ATG  10  10  10  10  10 |     ACG   1   1   1   1   1 |     AAG   0   0   0   0   0 |     AGG   0   0   0   0   0
----------------------------------------------------------------------------------------------------------------------
Val GTT  13  13  13  13  13 | Ala GCT  19  19  19  18  19 | Asp GAT  12  12  12  12  12 | Gly GGT  13  13  12  12  13
    GTC   0   0   0   0   0 |     GCC   3   3   3   3   3 |     GAC   6   6   6   6   6 |     GGC   2   2   2   2   2
    GTA   8   8   8   8   8 |     GCA  13  12  12  12  13 | Glu GAA  18  19  17  17  18 |     GGA   2   2   2   2   2
    GTG   1   1   1   1   1 |     GCG   3   4   4   5   3 |     GAG   4   3   5   5   4 |     GGG   0   0   0   0   0
----------------------------------------------------------------------------------------------------------------------

Codon position x base (3x4) table for each sequence.

#1: F58V           
position  1:    T:0.15315    C:0.22823    A:0.27027    G:0.34835
position  2:    T:0.28829    C:0.27327    A:0.30631    G:0.13213
position  3:    T:0.37838    C:0.25225    A:0.19219    G:0.17718
Average         T:0.27327    C:0.25125    A:0.25626    G:0.21922

#2: MZ726793_1     
position  1:    T:0.15315    C:0.22823    A:0.26727    G:0.35135
position  2:    T:0.28829    C:0.27327    A:0.30330    G:0.13514
position  3:    T:0.37838    C:0.25526    A:0.20120    G:0.16517
Average         T:0.27327    C:0.25225    A:0.25726    G:0.21722

#3: OP172792_1     
position  1:    T:0.15315    C:0.22823    A:0.26727    G:0.35135
position  2:    T:0.28829    C:0.27327    A:0.30330    G:0.13514
position  3:    T:0.38138    C:0.25225    A:0.20420    G:0.16216
Average         T:0.27427    C:0.25125    A:0.25826    G:0.21622

#4: MN850598_1     
position  1:    T:0.15315    C:0.22823    A:0.26727    G:0.35135
position  2:    T:0.28829    C:0.27327    A:0.30330    G:0.13514
position  3:    T:0.38138    C:0.25225    A:0.20420    G:0.16216
Average         T:0.27427    C:0.25125    A:0.25826    G:0.21622

#5: JX561091_1     
position  1:    T:0.15315    C:0.22823    A:0.26727    G:0.35135
position  2:    T:0.28829    C:0.27327    A:0.30330    G:0.13514
position  3:    T:0.38438    C:0.24925    A:0.19820    G:0.16817
Average         T:0.27528    C:0.25025    A:0.25626    G:0.21822

#6: MH252123_1     
position  1:    T:0.15315    C:0.22823    A:0.26727    G:0.35135
position  2:    T:0.28829    C:0.27327    A:0.30330    G:0.13514
position  3:    T:0.38739    C:0.24625    A:0.20420    G:0.16216
Average         T:0.27628    C:0.24925    A:0.25826    G:0.21622

#7: MT944117_1     
position  1:    T:0.15315    C:0.22823    A:0.26727    G:0.35135
position  2:    T:0.28829    C:0.27327    A:0.30330    G:0.13514
position  3:    T:0.38138    C:0.25225    A:0.20120    G:0.16517
Average         T:0.27427    C:0.25125    A:0.25726    G:0.21722

#8: OR352955_1     
position  1:    T:0.15315    C:0.22823    A:0.26727    G:0.35135
position  2:    T:0.28829    C:0.27327    A:0.30330    G:0.13514
position  3:    T:0.38739    C:0.24625    A:0.20120    G:0.16517
Average         T:0.27628    C:0.24925    A:0.25726    G:0.21722

#9: OM386656_1     
position  1:    T:0.15315    C:0.22823    A:0.27027    G:0.34835
position  2:    T:0.28829    C:0.27327    A:0.30631    G:0.13213
position  3:    T:0.38438    C:0.24925    A:0.19520    G:0.17117
Average         T:0.27528    C:0.25025    A:0.25726    G:0.21722

#10: KX664695_3     
position  1:    T:0.15315    C:0.22823    A:0.27027    G:0.34835
position  2:    T:0.28829    C:0.27327    A:0.30631    G:0.13213
position  3:    T:0.37838    C:0.25225    A:0.19820    G:0.17117
Average         T:0.27327    C:0.25125    A:0.25826    G:0.21722

#11: OR437326_1     
position  1:    T:0.15315    C:0.22523    A:0.27027    G:0.35135
position  2:    T:0.28829    C:0.27327    A:0.30330    G:0.13514
position  3:    T:0.38138    C:0.25225    A:0.20120    G:0.16517
Average         T:0.27427    C:0.25025    A:0.25826    G:0.21722

Sums of codon usage counts
------------------------------------------------------------------------------
Phe F TTT      55 | Ser S TCT     121 | Tyr Y TAT      90 | Cys C TGT      11
      TTC     143 |       TCC      33 |       TAC      42 |       TGC       0
Leu L TTA      11 |       TCA      11 | *** * TAA       0 | *** * TGA       0
      TTG       0 |       TCG      11 |       TAG       0 | Trp W TGG      33
------------------------------------------------------------------------------
Leu L CTT      44 | Pro P CCT      77 | His H CAT      11 | Arg R CGT     135
      CTC      11 |       CCC       0 |       CAC      33 |       CGC      63
      CTA       0 |       CCA      64 | Gln Q CAA      46 |       CGA       0
      CTG     198 |       CCG      12 |       CAG     141 |       CGG       0
------------------------------------------------------------------------------
Ile I ATT      89 | Thr T ACT     100 | Asn N AAT      37 | Ser S AGT       8
      ATC     153 |       ACC     120 |       AAC     142 |       AGC      58
      ATA       0 |       ACA      23 | Lys K AAA     132 | Arg R AGA       0
Met M ATG     110 |       ACG      11 |       AAG       0 |       AGG       0
------------------------------------------------------------------------------
Val V GTT     143 | Ala A GCT     207 | Asp D GAT     132 | Gly G GGT     140
      GTC       0 |       GCC      33 |       GAC      66 |       GGC      22
      GTA      88 |       GCA     137 | Glu E GAA     199 |       GGA      22
      GTG      11 |       GCG      41 |       GAG      43 |       GGG       0
------------------------------------------------------------------------------


Codon position x base (3x4) table, overall

position  1:    T:0.15315    C:0.22796    A:0.26836    G:0.35053
position  2:    T:0.28829    C:0.27327    A:0.30412    G:0.13432
position  3:    T:0.38220    C:0.25089    A:0.20011    G:0.16680
Average         T:0.27455    C:0.25071    A:0.25753    G:0.21722

TREE #  1:  (1, (((((((2, 4), 11), 7), 3), (5, 6)), 8), 9), 10);   MP score: 29
lnL(ntime: 19  np: 21):  -1526.942209      +0.000000
  12..1    12..13   13..14   14..15   15..16   16..17   17..18   18..19   19..2    19..4    18..11   17..7    16..3    15..20   20..5    20..6    14..8    13..9    12..10 
 0.001692 0.008585 0.021281 0.008509 0.006296 0.000004 0.000004 0.000004 0.009465 0.003142 0.003141 0.000004 0.003142 0.000004 0.006304 0.009483 0.004147 0.005543 0.004594 15.618763 0.049794

Note: Branch length is defined as number of nucleotide substitutions per codon (not per neucleotide site).

tree length =  0.095342

(1: 0.001692, (((((((2: 0.009465, 4: 0.003142): 0.000004, 11: 0.003141): 0.000004, 7: 0.000004): 0.000004, 3: 0.003142): 0.006296, (5: 0.006304, 6: 0.009483): 0.000004): 0.008509, 8: 0.004147): 0.021281, 9: 0.005543): 0.008585, 10: 0.004594);

(F58V: 0.001692, (((((((MZ726793_1: 0.009465, MN850598_1: 0.003142): 0.000004, OR437326_1: 0.003141): 0.000004, MT944117_1: 0.000004): 0.000004, OP172792_1: 0.003142): 0.006296, (JX561091_1: 0.006304, MH252123_1: 0.009483): 0.000004): 0.008509, OR352955_1: 0.004147): 0.021281, OM386656_1: 0.005543): 0.008585, KX664695_3: 0.004594);

Detailed output identifying parameters

kappa (ts/tv) = 15.61876

omega (dN/dS) =  0.04979

dN & dS for each branch

 branch          t       N       S   dN/dS      dN      dS  N*dN  S*dS

  12..1      0.002   677.8   321.2  0.0498  0.0001  0.0016   0.1   0.5
  12..13     0.009   677.8   321.2  0.0498  0.0004  0.0081   0.3   2.6
  13..14     0.021   677.8   321.2  0.0498  0.0010  0.0200   0.7   6.4
  14..15     0.009   677.8   321.2  0.0498  0.0004  0.0080   0.3   2.6
  15..16     0.006   677.8   321.2  0.0498  0.0003  0.0059   0.2   1.9
  16..17     0.000   677.8   321.2  0.0498  0.0000  0.0000   0.0   0.0
  17..18     0.000   677.8   321.2  0.0498  0.0000  0.0000   0.0   0.0
  18..19     0.000   677.8   321.2  0.0498  0.0000  0.0000   0.0   0.0
  19..2      0.009   677.8   321.2  0.0498  0.0004  0.0089   0.3   2.9
  19..4      0.003   677.8   321.2  0.0498  0.0001  0.0029   0.1   0.9
  18..11     0.003   677.8   321.2  0.0498  0.0001  0.0029   0.1   0.9
  17..7      0.000   677.8   321.2  0.0498  0.0000  0.0000   0.0   0.0
  16..3      0.003   677.8   321.2  0.0498  0.0001  0.0029   0.1   0.9
  15..20     0.000   677.8   321.2  0.0498  0.0000  0.0000   0.0   0.0
  20..5      0.006   677.8   321.2  0.0498  0.0003  0.0059   0.2   1.9
  20..6      0.009   677.8   321.2  0.0498  0.0004  0.0089   0.3   2.9
  14..8      0.004   677.8   321.2  0.0498  0.0002  0.0039   0.1   1.2
  13..9      0.006   677.8   321.2  0.0498  0.0003  0.0052   0.2   1.7
  12..10     0.005   677.8   321.2  0.0498  0.0002  0.0043   0.1   1.4

tree length for dN:       0.0045
tree length for dS:       0.0894


Time used:  0:07
