CODONML (in paml version 4.9j, October 2019)  paml_baseplate_hub.phy
Model: One dN/dS ratio, 
Codon frequency model: F3x4
ns =  11  ls = 336

Codon usage in sequences
--------------------------------------------------------------------------------------------------------------------------------------
Phe TTT   3   3   3   3   3   3 | Ser TCT  10  10  10  10  10  12 | Tyr TAT   7   7   7   7   7   7 | Cys TGT   4   4   4   4   4   4
    TTC   4   4   4   4   4   4 |     TCC   3   3   4   3   3   4 |     TAC   4   4   4   4   4   4 |     TGC   1   1   1   1   1   1
Leu TTA  11  11  10   9  10  10 |     TCA   5   5   4   5   5   3 | *** TAA   0   0   0   0   0   0 | *** TGA   0   0   0   0   0   0
    TTG   7   7   8   8   8   8 |     TCG   3   3   3   3   3   2 |     TAG   0   0   0   0   0   0 | Trp TGG   3   3   3   3   3   3
--------------------------------------------------------------------------------------------------------------------------------------
Leu CTT   1   1   1   1   1   1 | Pro CCT   7   7   7   7   7   6 | His CAT   4   3   3   3   3   4 | Arg CGT   4   4   4   4   4   4
    CTC   0   0   0   0   0   0 |     CCC   0   0   0   0   0   0 |     CAC   4   5   5   5   5   4 |     CGC   1   1   1   1   1   1
    CTA   1   1   1   2   1   1 |     CCA   5   5   5   5   5   6 | Gln CAA   7   7   7   7   7   7 |     CGA   2   2   2   2   2   2
    CTG   1   1   1   1   1   1 |     CCG   0   0   0   0   0   0 |     CAG   2   2   2   2   2   2 |     CGG   0   0   0   0   0   0
--------------------------------------------------------------------------------------------------------------------------------------
Ile ATT   8   8   8   8   8   9 | Thr ACT  13  13  13  13  13  13 | Asn AAT   9   9   9   9   9  11 | Ser AGT   6   6   5   6   6   6
    ATC   4   4   4   4   4   5 |     ACC   6   5   5   5   5   5 |     AAC  12  12  12  12  12  10 |     AGC   4   4   5   4   4   4
    ATA   9   9   9   9   9   8 |     ACA  11  12  12  12  12  13 | Lys AAA  24  24  24  24  24  23 | Arg AGA   3   3   3   3   3   3
Met ATG   6   6   6   6   6   6 |     ACG   0   0   0   0   0   0 |     AAG  10  10  10  10  10  10 |     AGG   2   2   2   2   2   2
--------------------------------------------------------------------------------------------------------------------------------------
Val GTT  13  13  12  13  13  14 | Ala GCT   4   4   4   4   4   4 | Asp GAT  19  19  19  19  19  16 | Gly GGT  11  11  11  11  11  12
    GTC   2   2   3   2   2   0 |     GCC   3   3   3   3   3   3 |     GAC   3   3   3   3   3   6 |     GGC   1   1   1   1   1   0
    GTA   7   7   7   7   7   7 |     GCA  10  10  10  10  10  10 | Glu GAA  12  12  12  12  12  12 |     GGA   8   8   7   8   8   5
    GTG   4   4   4   4   4   4 |     GCG   1   1   1   1   1   1 |     GAG   7   7   7   7   7   7 |     GGG   0   0   1   0   0   3
--------------------------------------------------------------------------------------------------------------------------------------

----------------------------------------------------------------------------------------------------------------------
Phe TTT   3   3   3   3   3 | Ser TCT  10  11  11  10  11 | Tyr TAT   7   7   8   7   8 | Cys TGT   4   4   4   4   4
    TTC   4   4   4   4   4 |     TCC   3   3   3   4   3 |     TAC   4   4   3   4   3 |     TGC   1   1   1   1   1
Leu TTA  11   9  10   8  10 |     TCA   5   3   4   4   4 | *** TAA   0   0   0   0   0 | *** TGA   0   0   0   0   0
    TTG   7   8   8   8   8 |     TCG   3   4   3   3   3 |     TAG   0   0   0   0   0 | Trp TGG   3   3   3   3   3
----------------------------------------------------------------------------------------------------------------------
Leu CTT   1   1   1   0   1 | Pro CCT   7   7   7   7   7 | His CAT   4   3   3   3   3 | Arg CGT   4   4   4   4   4
    CTC   0   0   0   0   0 |     CCC   0   0   0   0   0 |     CAC   4   5   5   5   5 |     CGC   1   1   1   1   1
    CTA   1   2   1   4   1 |     CCA   5   5   5   5   5 | Gln CAA   7   7   7   8   7 |     CGA   2   2   2   2   2
    CTG   1   1   1   1   1 |     CCG   0   0   0   0   0 |     CAG   2   2   2   1   2 |     CGG   0   0   0   0   0
----------------------------------------------------------------------------------------------------------------------
Ile ATT   8   8   8   9   8 | Thr ACT  13  13  13  14  13 | Asn AAT   9   9   9  11   8 | Ser AGT   6   6   6   5   6
    ATC   4   4   4   4   5 |     ACC   5   5   5   4   5 |     AAC  12  12  12  10  13 |     AGC   4   4   4   5   4
    ATA   9   9   9   9   9 |     ACA  12  12  11  12  12 | Lys AAA  24  24  24  25  25 | Arg AGA   3   3   3   3   3
Met ATG   6   6   6   6   6 |     ACG   0   0   1   0   0 |     AAG  10  10  10   9   9 |     AGG   2   2   2   2   2
----------------------------------------------------------------------------------------------------------------------
Val GTT  13  13  14  13  12 | Ala GCT   4   4   4   3   4 | Asp GAT  19  19  18  18  19 | Gly GGT  11  11  11  11  10
    GTC   2   2   2   1   1 |     GCC   3   3   3   3   3 |     GAC   3   3   4   4   3 |     GGC   1   1   1   2   1
    GTA   7   7   7   7   8 |     GCA  10  10  10  10  10 | Glu GAA  12  12  11  12  14 |     GGA   8   7   7   7   7
    GTG   4   4   3   4   4 |     GCG   1   1   1   2   1 |     GAG   7   7   8   7   5 |     GGG   0   1   1   0   2
----------------------------------------------------------------------------------------------------------------------

Codon position x base (3x4) table for each sequence.

#1: F58V           
position  1:    T:0.19345    C:0.11607    A:0.37798    G:0.31250
position  2:    T:0.24107    C:0.24107    A:0.36905    G:0.14881
position  3:    T:0.36607    C:0.15476    A:0.34226    G:0.13690
Average         T:0.26687    C:0.17063    A:0.36310    G:0.19940

#2: MZ726793_1     
position  1:    T:0.19345    C:0.11607    A:0.37798    G:0.31250
position  2:    T:0.24107    C:0.24107    A:0.36905    G:0.14881
position  3:    T:0.36310    C:0.15476    A:0.34524    G:0.13690
Average         T:0.26587    C:0.17063    A:0.36409    G:0.19940

#3: OP172792_1     
position  1:    T:0.19345    C:0.11607    A:0.37798    G:0.31250
position  2:    T:0.24107    C:0.24107    A:0.36905    G:0.14881
position  3:    T:0.35714    C:0.16369    A:0.33631    G:0.14286
Average         T:0.26389    C:0.17361    A:0.36111    G:0.20139

#4: MN850598_1     
position  1:    T:0.19048    C:0.11905    A:0.37798    G:0.31250
position  2:    T:0.24107    C:0.24107    A:0.36905    G:0.14881
position  3:    T:0.36310    C:0.15476    A:0.34226    G:0.13988
Average         T:0.26488    C:0.17163    A:0.36310    G:0.20040

#5: JX561091_1     
position  1:    T:0.19345    C:0.11607    A:0.37798    G:0.31250
position  2:    T:0.24107    C:0.24107    A:0.36905    G:0.14881
position  3:    T:0.36310    C:0.15476    A:0.34226    G:0.13988
Average         T:0.26587    C:0.17063    A:0.36310    G:0.20040

#6: MH252123_1     
position  1:    T:0.19345    C:0.11607    A:0.38095    G:0.30952
position  2:    T:0.24107    C:0.24405    A:0.36607    G:0.14881
position  3:    T:0.37500    C:0.15179    A:0.32738    G:0.14583
Average         T:0.26984    C:0.17063    A:0.35813    G:0.20139

#7: MT944117_1     
position  1:    T:0.19345    C:0.11607    A:0.37798    G:0.31250
position  2:    T:0.24107    C:0.24107    A:0.36905    G:0.14881
position  3:    T:0.36607    C:0.15179    A:0.34524    G:0.13690
Average         T:0.26687    C:0.16964    A:0.36409    G:0.19940

#8: OR352955_1     
position  1:    T:0.19048    C:0.11905    A:0.37798    G:0.31250
position  2:    T:0.24107    C:0.24107    A:0.36905    G:0.14881
position  3:    T:0.36607    C:0.15476    A:0.33333    G:0.14583
Average         T:0.26587    C:0.17163    A:0.36012    G:0.20238

#9: OM386656_1     
position  1:    T:0.19345    C:0.11607    A:0.37798    G:0.31250
position  2:    T:0.24107    C:0.24107    A:0.36905    G:0.14881
position  3:    T:0.36905    C:0.15476    A:0.33036    G:0.14583
Average         T:0.26786    C:0.17063    A:0.35913    G:0.20238

#10: KX664695_3     
position  1:    T:0.18750    C:0.12202    A:0.38095    G:0.30952
position  2:    T:0.24107    C:0.24107    A:0.36905    G:0.14881
position  3:    T:0.36310    C:0.15476    A:0.34524    G:0.13690
Average         T:0.26389    C:0.17262    A:0.36508    G:0.19841

#11: OR437326_1     
position  1:    T:0.19345    C:0.11607    A:0.38095    G:0.30952
position  2:    T:0.24107    C:0.24107    A:0.36905    G:0.14881
position  3:    T:0.36012    C:0.15476    A:0.34821    G:0.13690
Average         T:0.26488    C:0.17063    A:0.36607    G:0.19841

Sums of codon usage counts
------------------------------------------------------------------------------
Phe F TTT      33 | Ser S TCT     115 | Tyr Y TAT      79 | Cys C TGT      44
      TTC      44 |       TCC      36 |       TAC      42 |       TGC      11
Leu L TTA     109 |       TCA      47 | *** * TAA       0 | *** * TGA       0
      TTG      85 |       TCG      33 |       TAG       0 | Trp W TGG      33
------------------------------------------------------------------------------
Leu L CTT      10 | Pro P CCT      76 | His H CAT      36 | Arg R CGT      44
      CTC       0 |       CCC       0 |       CAC      52 |       CGC      11
      CTA      16 |       CCA      56 | Gln Q CAA      78 |       CGA      22
      CTG      11 |       CCG       0 |       CAG      21 |       CGG       0
------------------------------------------------------------------------------
Ile I ATT      90 | Thr T ACT     144 | Asn N AAT     102 | Ser S AGT      64
      ATC      46 |       ACC      55 |       AAC     129 |       AGC      46
      ATA      98 |       ACA     131 | Lys K AAA     265 | Arg R AGA      33
Met M ATG      66 |       ACG       1 |       AAG     108 |       AGG      22
------------------------------------------------------------------------------
Val V GTT     143 | Ala A GCT      43 | Asp D GAT     204 | Gly G GGT     121
      GTC      19 |       GCC      33 |       GAC      38 |       GGC      11
      GTA      78 |       GCA     110 | Glu E GAA     133 |       GGA      80
      GTG      43 |       GCG      12 |       GAG      76 |       GGG       8
------------------------------------------------------------------------------


Codon position x base (3x4) table, overall

position  1:    T:0.19237    C:0.11715    A:0.37879    G:0.31169
position  2:    T:0.24107    C:0.24134    A:0.36878    G:0.14881
position  3:    T:0.36472    C:0.15503    A:0.33983    G:0.14042
Average         T:0.26605    C:0.17118    A:0.36246    G:0.20031

TREE #  1:  (1, (2, ((((3, (((6, 11), 9), 8)), 10), 4), 5)), 7);   MP score: 62
lnL(ntime: 19  np: 21):  -1650.982829      +0.000000
  12..1    12..13   13..2    13..14   14..15   15..16   16..17   17..3    17..18   18..19   19..20   20..6    20..11   19..9    18..8    16..10   15..4    14..5    12..7  
 0.003051 0.003043 0.000004 0.003040 0.000004 0.006095 0.000004 0.006071 0.003040 0.000004 0.005196 0.080141 0.022883 0.021615 0.006084 0.044479 0.003038 0.000004 0.000004 4.054083 0.014218

Note: Branch length is defined as number of nucleotide substitutions per codon (not per neucleotide site).

tree length =  0.207800

(1: 0.003051, (2: 0.000004, ((((3: 0.006071, (((6: 0.080141, 11: 0.022883): 0.005196, 9: 0.021615): 0.000004, 8: 0.006084): 0.003040): 0.000004, 10: 0.044479): 0.006095, 4: 0.003038): 0.000004, 5: 0.000004): 0.003040): 0.003043, 7: 0.000004);

(F58V: 0.003051, (MZ726793_1: 0.000004, ((((OP172792_1: 0.006071, (((MH252123_1: 0.080141, OR437326_1: 0.022883): 0.005196, OM386656_1: 0.021615): 0.000004, OR352955_1: 0.006084): 0.003040): 0.000004, KX664695_3: 0.044479): 0.006095, MN850598_1: 0.003038): 0.000004, JX561091_1: 0.000004): 0.003040): 0.003043, MT944117_1: 0.000004);

Detailed output identifying parameters

kappa (ts/tv) =  4.05408

omega (dN/dS) =  0.01422

dN & dS for each branch

 branch          t       N       S   dN/dS      dN      dS  N*dN  S*dS

  12..1      0.003   768.1   239.9  0.0142  0.0001  0.0041   0.0   1.0
  12..13     0.003   768.1   239.9  0.0142  0.0001  0.0041   0.0   1.0
  13..2      0.000   768.1   239.9  0.0142  0.0000  0.0000   0.0   0.0
  13..14     0.003   768.1   239.9  0.0142  0.0001  0.0041   0.0   1.0
  14..15     0.000   768.1   239.9  0.0142  0.0000  0.0000   0.0   0.0
  15..16     0.006   768.1   239.9  0.0142  0.0001  0.0082   0.1   2.0
  16..17     0.000   768.1   239.9  0.0142  0.0000  0.0000   0.0   0.0
  17..3      0.006   768.1   239.9  0.0142  0.0001  0.0081   0.1   2.0
  17..18     0.003   768.1   239.9  0.0142  0.0001  0.0041   0.0   1.0
  18..19     0.000   768.1   239.9  0.0142  0.0000  0.0000   0.0   0.0
  19..20     0.005   768.1   239.9  0.0142  0.0001  0.0070   0.1   1.7
  20..6      0.080   768.1   239.9  0.0142  0.0015  0.1074   1.2  25.8
  20..11     0.023   768.1   239.9  0.0142  0.0004  0.0307   0.3   7.4
  19..9      0.022   768.1   239.9  0.0142  0.0004  0.0290   0.3   6.9
  18..8      0.006   768.1   239.9  0.0142  0.0001  0.0081   0.1   2.0
  16..10     0.044   768.1   239.9  0.0142  0.0008  0.0596   0.7  14.3
  15..4      0.003   768.1   239.9  0.0142  0.0001  0.0041   0.0   1.0
  14..5      0.000   768.1   239.9  0.0142  0.0000  0.0000   0.0   0.0
  12..7      0.000   768.1   239.9  0.0142  0.0000  0.0000   0.0   0.0

tree length for dN:       0.0040
tree length for dS:       0.2784


Time used:  0:08
