CODONML (in paml version 4.9j, October 2019)  paml_depolymerase.phy
Model: One dN/dS ratio, 
Codon frequency model: F3x4
Site-class models:  beta&w>1 (5 categories)
ns =  11  ls = 1017

Codon usage in sequences
--------------------------------------------------------------------------------------------------------------------------------------
Phe TTT  18  19  18  18  18  20 | Ser TCT  21  21  21  25  22  25 | Tyr TAT  28  28  28  28  27  27 | Cys TGT   8   8   8   7   8  10
    TTC  23  22  23  23  23  21 |     TCC   8   8   8   6   6   5 |     TAC  14  14  14  14  15  15 |     TGC   5   5   5   6   5   3
Leu TTA  13  13  13  15  15  15 |     TCA   6   6   6   7   8   7 | *** TAA   0   0   0   0   0   0 | *** TGA   0   0   0   0   0   0
    TTG  24  24  24  22  22  24 |     TCG   4   4   4   2   3   2 |     TAG   0   0   0   0   0   0 | Trp TGG  14  14  14  14  14  14
--------------------------------------------------------------------------------------------------------------------------------------
Leu CTT  13  13  13  11  11  12 | Pro CCT  29  29  29  24  27  28 | His CAT   7   7   7   8   7   7 | Arg CGT  32  33  32  29  31  28
    CTC   1   1   1   3   3   1 |     CCC   1   0   1   1   1   0 |     CAC   3   3   3   2   3   3 |     CGC   4   3   4   7   5   8
    CTA   3   3   3   4   1   2 |     CCA  27  28  27  28  28  26 | Gln CAA  18  17  18  17  20  21 |     CGA   2   2   2   2   2   2
    CTG  16  15  16  15  18  16 |     CCG   2   2   2   4   2   4 |     CAG  14  15  14  15  12  11 |     CGG   0   0   0   0   0   0
--------------------------------------------------------------------------------------------------------------------------------------
Ile ATT  37  38  37  40  37  37 | Thr ACT  22  23  23  21  21  26 | Asn AAT  30  30  30  30  28  31 | Ser AGT  15  15  15  15  16  15
    ATC  22  21  22  19  22  22 |     ACC  13  13  12  15  13  10 |     AAC  36  36  36  36  38  35 |     AGC  10  10  10  10   9  10
    ATA   8   8   8   8   8   7 |     ACA  47  47  47  49  51  49 | Lys AAA  24  24  24  24  26  25 | Arg AGA   5   5   5   5   5   5
Met ATG  17  17  17  17  17  17 |     ACG  14  13  14  11  11  10 |     AAG   7   7   7   7   5   6 |     AGG   0   0   0   0   0   0
--------------------------------------------------------------------------------------------------------------------------------------
Val GTT  38  39  39  38  36  35 | Ala GCT  32  32  32  32  31  31 | Asp GAT  46  46  46  43  43  47 | Gly GGT  50  49  49  49  49  47
    GTC   7   7   7   8   8   9 |     GCC   2   2   2   3   3   3 |     GAC  11  11  11  13  13  10 |     GGC  10  10  10  10  11  12
    GTA  27  27  27  28  28  30 |     GCA  31  31  31  32  32  31 | Glu GAA  31  31  31  31  33  32 |     GGA  28  28  28  27  26  25
    GTG   6   7   6   5   7   6 |     GCG   6   6   6   5   6   8 |     GAG  10  10  10  10   8   9 |     GGG  17  17  17  19  19  20
--------------------------------------------------------------------------------------------------------------------------------------

----------------------------------------------------------------------------------------------------------------------
Phe TTT  18  18  19  20  18 | Ser TCT  21  24  25  26  23 | Tyr TAT  29  28  27  28  27 | Cys TGT   8   8   9  10   8
    TTC  23  23  22  21  23 |     TCC   7   5   4   5   5 |     TAC  13  14  14  13  15 |     TGC   5   5   4   3   5
Leu TTA  13  15  15  16  14 |     TCA   7   8   8   8   8 | *** TAA   0   0   0   0   0 | *** TGA   0   0   0   0   0
    TTG  23  22  22  22  21 |     TCG   4   2   2   1   3 |     TAG   0   0   0   0   0 | Trp TGG  14  14  14  14  14
----------------------------------------------------------------------------------------------------------------------
Leu CTT  13  11  11  10  11 | Pro CCT  29  27  27  27  27 | His CAT   7   8   7   8   7 | Arg CGT  32  30  28  27  32
    CTC   1   3   3   3   3 |     CCC   0   1   1   1   0 |     CAC   3   2   4   3   3 |     CGC   4   6   8   9   4
    CTA   3   2   2   3   3 |     CCA  27  28  28  27  27 | Gln CAA  20  19  21  21  17 |     CGA   2   2   2   2   2
    CTG  17  17  17  16  18 |     CCG   2   2   2   3   4 |     CAG  12  13  11  11  15 |     CGG   0   0   0   0   0
----------------------------------------------------------------------------------------------------------------------
Ile ATT  37  39  38  40  37 | Thr ACT  20  23  26  26  22 | Asn AAT  29  30  30  29  29 | Ser AGT  14  17  16  15  14
    ATC  22  20  21  19  22 |     ACC  13  13  12  12  13 |     AAC  37  36  36  38  37 |     AGC  11   8   9   9  11
    ATA   8   8   7   7  10 |     ACA  49  48  50  50  49 | Lys AAA  24  26  25  25  24 | Arg AGA   5   5   5   5   5
Met ATG  17  17  17  17  17 |     ACG  14  12   8   8  12 |     AAG   7   5   6   6   7 |     AGG   0   0   0   0   0
----------------------------------------------------------------------------------------------------------------------
Val GTT  38  36  36  35  38 | Ala GCT  32  31  31  32  33 | Asp GAT  46  44  46  47  42 | Gly GGT  49  51  46  45  48
    GTC   8   8   8   9   8 |     GCC   2   3   2   1   2 |     GAC  10  12  11  10  15 |     GGC  10  10  12  12  10
    GTA  26  29  29  29  25 |     GCA  33  30  31  31  32 | Glu GAA  31  33  32  32  30 |     GGA  28  29  28  27  30
    GTG   6   6   7   7   6 |     GCG   6   8   8   7   5 |     GAG  10   8   9   9  11 |     GGG  18  15  18  20  16
----------------------------------------------------------------------------------------------------------------------

Codon position x base (3x4) table for each sequence.

#1: F58V           
position  1:    T:0.18289    C:0.16912    A:0.30187    G:0.34612
position  2:    T:0.26844    C:0.26057    A:0.27434    G:0.19666
position  3:    T:0.41888    C:0.16716    A:0.26549    G:0.14848
Average         T:0.29007    C:0.19895    A:0.28056    G:0.23042

#2: MZ726793_1     
position  1:    T:0.18289    C:0.16814    A:0.30187    G:0.34710
position  2:    T:0.26942    C:0.26057    A:0.27434    G:0.19567
position  3:    T:0.42281    C:0.16323    A:0.26549    G:0.14848
Average         T:0.29171    C:0.19731    A:0.28056    G:0.23042

#3: OP172792_1     
position  1:    T:0.18289    C:0.16912    A:0.30187    G:0.34612
position  2:    T:0.26942    C:0.26057    A:0.27434    G:0.19567
position  3:    T:0.41986    C:0.16618    A:0.26549    G:0.14848
Average         T:0.29072    C:0.19862    A:0.28056    G:0.23009

#4: MN850598_1     
position  1:    T:0.18387    C:0.16716    A:0.30187    G:0.34710
position  2:    T:0.26942    C:0.26057    A:0.27335    G:0.19666
position  3:    T:0.41101    C:0.17306    A:0.27237    G:0.14356
Average         T:0.28810    C:0.20026    A:0.28253    G:0.22911

#5: JX561091_1     
position  1:    T:0.18289    C:0.16814    A:0.30187    G:0.34710
position  2:    T:0.26942    C:0.26057    A:0.27335    G:0.19666
position  3:    T:0.40511    C:0.17502    A:0.27827    G:0.14159
Average         T:0.28581    C:0.20125    A:0.28450    G:0.22845

#6: MH252123_1     
position  1:    T:0.18486    C:0.16618    A:0.29990    G:0.34907
position  2:    T:0.26942    C:0.26057    A:0.27434    G:0.19567
position  3:    T:0.41888    C:0.16421    A:0.27237    G:0.14454
Average         T:0.29105    C:0.19698    A:0.28220    G:0.22976

#7: MT944117_1     
position  1:    T:0.18191    C:0.16912    A:0.30187    G:0.34710
position  2:    T:0.26844    C:0.26155    A:0.27335    G:0.19666
position  3:    T:0.41495    C:0.16618    A:0.27139    G:0.14749
Average         T:0.28843    C:0.19895    A:0.28220    G:0.23042

#8: OR352955_1     
position  1:    T:0.18289    C:0.16814    A:0.30187    G:0.34710
position  2:    T:0.26942    C:0.26057    A:0.27335    G:0.19666
position  3:    T:0.41790    C:0.16618    A:0.27729    G:0.13864
Average         T:0.29007    C:0.19830    A:0.28417    G:0.22747

#9: OM386656_1     
position  1:    T:0.18191    C:0.16912    A:0.30088    G:0.34808
position  2:    T:0.26942    C:0.26057    A:0.27434    G:0.19567
position  3:    T:0.41495    C:0.16814    A:0.27827    G:0.13864
Average         T:0.28876    C:0.19928    A:0.28450    G:0.22747

#10: KX664695_3     
position  1:    T:0.18387    C:0.16814    A:0.30088    G:0.34710
position  2:    T:0.26942    C:0.26057    A:0.27532    G:0.19469
position  3:    T:0.41790    C:0.16519    A:0.27827    G:0.13864
Average         T:0.29040    C:0.19797    A:0.28482    G:0.22681

#11: OR437326_1     
position  1:    T:0.18092    C:0.17011    A:0.30383    G:0.34513
position  2:    T:0.26942    C:0.26057    A:0.27434    G:0.19567
position  3:    T:0.40905    C:0.17306    A:0.27139    G:0.14651
Average         T:0.28646    C:0.20125    A:0.28319    G:0.22911

Sums of codon usage counts
------------------------------------------------------------------------------
Phe F TTT     204 | Ser S TCT     254 | Tyr Y TAT     305 | Cys C TGT      92
      TTC     247 |       TCC      67 |       TAC     155 |       TGC      51
Leu L TTA     157 |       TCA      79 | *** * TAA       0 | *** * TGA       0
      TTG     250 |       TCG      31 |       TAG       0 | Trp W TGG     154
------------------------------------------------------------------------------
Leu L CTT     129 | Pro P CCT     303 | His H CAT      80 | Arg R CGT     334
      CTC      23 |       CCC       7 |       CAC      32 |       CGC      62
      CTA      29 |       CCA     301 | Gln Q CAA     209 |       CGA      22
      CTG     181 |       CCG      29 |       CAG     143 |       CGG       0
------------------------------------------------------------------------------
Ile I ATT     417 | Thr T ACT     253 | Asn N AAT     326 | Ser S AGT     167
      ATC     232 |       ACC     139 |       AAC     401 |       AGC     107
      ATA      87 |       ACA     536 | Lys K AAA     271 | Arg R AGA      55
Met M ATG     187 |       ACG     127 |       AAG      70 |       AGG       0
------------------------------------------------------------------------------
Val V GTT     408 | Ala A GCT     349 | Asp D GAT     496 | Gly G GGT     532
      GTC      87 |       GCC      25 |       GAC     127 |       GGC     117
      GTA     305 |       GCA     345 | Glu E GAA     347 |       GGA     304
      GTG      69 |       GCG      71 |       GAG     104 |       GGG     196
------------------------------------------------------------------------------


Codon position x base (3x4) table, overall

position  1:    T:0.18289    C:0.16841    A:0.30169    G:0.34701
position  2:    T:0.26924    C:0.26066    A:0.27407    G:0.19603
position  3:    T:0.41557    C:0.16796    A:0.27237    G:0.14410
Average         T:0.28923    C:0.19901    A:0.28271    G:0.22905

TREE #  1:  (1, (2, (((4, (5, (((6, 10), 9), 8))), 11), 7)), 3);   MP score: 309
lnL(ntime: 19  np: 24):  -5742.882121      +0.000000
  12..1    12..13   13..2    13..14   14..15   15..16   16..4    16..17   17..5    17..18   18..19   19..20   20..6    20..10   19..9    18..8    15..11   14..7    12..3  
 0.001021 0.002044 0.005125 0.009330 0.022096 0.018923 0.051639 0.025425 0.020737 0.021584 0.052494 0.013173 0.030037 0.014368 0.005174 0.012832 0.018604 0.012428 0.001018 8.684140 0.996345 0.065810 2.174740 2.985290

Note: Branch length is defined as number of nucleotide substitutions per codon (not per neucleotide site).

tree length =  0.338051

(1: 0.001021, (2: 0.005125, (((4: 0.051639, (5: 0.020737, (((6: 0.030037, 10: 0.014368): 0.013173, 9: 0.005174): 0.052494, 8: 0.012832): 0.021584): 0.025425): 0.018923, 11: 0.018604): 0.022096, 7: 0.012428): 0.009330): 0.002044, 3: 0.001018);

(F58V: 0.001021, (MZ726793_1: 0.005125, (((MN850598_1: 0.051639, (JX561091_1: 0.020737, (((MH252123_1: 0.030037, KX664695_3: 0.014368): 0.013173, OM386656_1: 0.005174): 0.052494, OR352955_1: 0.012832): 0.021584): 0.025425): 0.018923, OR437326_1: 0.018604): 0.022096, MT944117_1: 0.012428): 0.009330): 0.002044, OP172792_1: 0.001018);

Detailed output identifying parameters

kappa (ts/tv) =  8.68414

Parameters in M8 (beta&w>1):
  p0 =   0.99635  p =   0.06581 q =   2.17474
 (p1 =   0.00365) w =   2.98529


MLEs of dN/dS (w) for site classes (K=5)

p:   0.24909  0.24909  0.24909  0.24909  0.00365
w:   0.00000  0.00000  0.00027  0.04735  2.98529

dN & dS for each branch

 branch          t       N       S   dN/dS      dN      dS  N*dN  S*dS

  12..1       0.001   2267.0    784.0   0.0228   0.0000   0.0012    0.1    1.0
  12..13      0.002   2267.0    784.0   0.0228   0.0001   0.0025    0.1    2.0
  13..2       0.005   2267.0    784.0   0.0228   0.0001   0.0062    0.3    4.9
  13..14      0.009   2267.0    784.0   0.0228   0.0003   0.0114    0.6    8.9
  14..15      0.022   2267.0    784.0   0.0228   0.0006   0.0269    1.4   21.1
  15..16      0.019   2267.0    784.0   0.0228   0.0005   0.0230    1.2   18.1
  16..4       0.052   2267.0    784.0   0.0228   0.0014   0.0628    3.2   49.3
  16..17      0.025   2267.0    784.0   0.0228   0.0007   0.0309    1.6   24.3
  17..5       0.021   2267.0    784.0   0.0228   0.0006   0.0252    1.3   19.8
  17..18      0.022   2267.0    784.0   0.0228   0.0006   0.0263    1.4   20.6
  18..19      0.052   2267.0    784.0   0.0228   0.0015   0.0639    3.3   50.1
  19..20      0.013   2267.0    784.0   0.0228   0.0004   0.0160    0.8   12.6
  20..6       0.030   2267.0    784.0   0.0228   0.0008   0.0366    1.9   28.7
  20..10      0.014   2267.0    784.0   0.0228   0.0004   0.0175    0.9   13.7
  19..9       0.005   2267.0    784.0   0.0228   0.0001   0.0063    0.3    4.9
  18..8       0.013   2267.0    784.0   0.0228   0.0004   0.0156    0.8   12.2
  15..11      0.019   2267.0    784.0   0.0228   0.0005   0.0226    1.2   17.8
  14..7       0.012   2267.0    784.0   0.0228   0.0003   0.0151    0.8   11.9
  12..3       0.001   2267.0    784.0   0.0228   0.0000   0.0012    0.1    1.0


Naive Empirical Bayes (NEB) analysis
Positively selected sites (*: P>95%; **: P>99%)
(amino acids refer to 1st sequence: F58V)

            Pr(w>1)     post mean +- SE for w

   383 Y      0.999**       2.983
   434 D      0.990**       2.957


Bayes Empirical Bayes (BEB) analysis (Yang, Wong & Nielsen 2005. Mol. Biol. Evol. 22:1107-1118)
Positively selected sites (*: P>95%; **: P>99%)
(amino acids refer to 1st sequence: F58V)

            Pr(w>1)     post mean +- SE for w

   383 Y      0.930         1.438 +- 0.238
   434 D      0.852         1.362 +- 0.346



The grid 

p0:   0.050  0.150  0.250  0.350  0.450  0.550  0.650  0.750  0.850  0.950
p :   0.100  0.300  0.500  0.700  0.900  1.100  1.300  1.500  1.700  1.900
q :   0.100  0.300  0.500  0.700  0.900  1.100  1.300  1.500  1.700  1.900
ws:   1.500  2.500  3.500  4.500  5.500  6.500  7.500  8.500  9.500 10.500


Posterior on the grid

p0:   0.000  0.000  0.000  0.000  0.000  0.000  0.000  0.000  0.000  1.000
p :   1.000  0.000  0.000  0.000  0.000  0.000  0.000  0.000  0.000  0.000
q :   0.000  0.000  0.000  0.000  0.000  0.000  0.000  0.001  0.044  0.955
ws:   0.999  0.001  0.000  0.000  0.000  0.000  0.000  0.000  0.000  0.000

Time used:  1:34
