CODONML (in paml version 4.9j, October 2019)  paml_TerL.phy
Model: One dN/dS ratio, 
Codon frequency model: F3x4
ns =  10  ls = 691

Codon usage in sequences
--------------------------------------------------------------------------------------------------------------------------------------
Phe TTT  23  24  25  24  24  23 | Ser TCT  11  11  12  11  11  11 | Tyr TAT  24  25  25  23  26  26 | Cys TGT   9   9   9   9   8   9
    TTC  17  16  15  16  16  17 |     TCC   0   0   0   0   0   0 |     TAC  12  11  11  13  10  10 |     TGC   2   2   2   2   3   2
Leu TTA  12  13  13  14  12  12 |     TCA   9   8   8   8   8   8 | *** TAA   0   0   0   0   0   0 | *** TGA   0   0   0   0   0   0
    TTG   9   9   9   8   9  12 |     TCG   0   1   0   1   1   1 |     TAG   0   0   0   0   0   0 | Trp TGG   6   6   6   6   6   6
--------------------------------------------------------------------------------------------------------------------------------------
Leu CTT  18  16  17  16  17  14 | Pro CCT  20  21  21  21  21  20 | His CAT   4   4   4   4   4   4 | Arg CGT  15  15  15  15  15  15
    CTC   2   3   3   3   3   4 |     CCC   3   2   2   2   2   3 |     CAC   8   8   8   8   8   8 |     CGC   0   0   0   0   0   0
    CTA   6   6   5   6   6   6 |     CCA  13  13  13  14  14  13 | Gln CAA  15  15  15  15  14  16 |     CGA   1   2   2   2   2   2
    CTG   9   9   9   9   9   8 |     CCG   2   2   2   1   1   2 |     CAG   9   9   9   9   9   8 |     CGG   0   0   0   0   0   0
--------------------------------------------------------------------------------------------------------------------------------------
Ile ATT  21  20  21  20  20  19 | Thr ACT  12  12  12  12  11  12 | Asn AAT  21  18  18  18  18  19 | Ser AGT  10  11  11  11  12  10
    ATC   6   7   6   6   7   7 |     ACC   4   5   4   4   5   4 |     AAC  13  16  16  16  16  15 |     AGC   6   5   5   5   4   6
    ATA   8   8   8   9   8   9 |     ACA  25  27  29  28  27  27 | Lys AAA  41  42  41  42  42  41 | Arg AGA  10   8   9   8   9   8
Met ATG  16  16  16  16  16  16 |     ACG   3   1   0   1   1   2 |     AAG  17  16  17  16  16  18 |     AGG   3   4   3   4   4   3
--------------------------------------------------------------------------------------------------------------------------------------
Val GTT  18  19  19  18  18  18 | Ala GCT  16  15  15  15  17  16 | Asp GAT  30  29  29  29  29  31 | Gly GGT  28  27  28  27  28  27
    GTC   3   3   3   3   3   3 |     GCC   5   5   5   5   4   4 |     GAC  10  11  11  11  11   9 |     GGC   3   4   3   4   3   4
    GTA  15  14  14  14  14  15 |     GCA  15  14  14  14  15  15 | Glu GAA  39  37  37  37  37  38 |     GGA  14  14  14  14  14  14
    GTG   4   4   4   5   5   4 |     GCG   1   2   2   2   1   1 |     GAG  10  12  12  12  12  11 |     GGG   5   5   5   5   5   5
--------------------------------------------------------------------------------------------------------------------------------------

------------------------------------------------------------------------------------------------------
Phe TTT  24  22  23  24 | Ser TCT  11  11  11  11 | Tyr TAT  26  27  25  24 | Cys TGT   9   9   9   9
    TTC  16  18  17  16 |     TCC   0   0   0   0 |     TAC  10   9  11  12 |     TGC   2   2   2   2
Leu TTA  13  12  12  14 |     TCA   8   8   8   8 | *** TAA   0   0   0   0 | *** TGA   0   0   0   0
    TTG   9  12   9   8 |     TCG   1   1   1   1 |     TAG   0   0   0   0 | Trp TGG   6   6   6   6
------------------------------------------------------------------------------------------------------
Leu CTT  16  14  17  16 | Pro CCT  21  20  20  21 | His CAT   4   4   4   4 | Arg CGT  15  15  15  15
    CTC   3   4   2   3 |     CCC   2   3   3   2 |     CAC   8   8   8   8 |     CGC   0   0   0   0
    CTA   6   6   6   6 |     CCA  13  13  13  14 | Gln CAA  15  15  15  15 |     CGA   2   2   1   2
    CTG   9   8  10   9 |     CCG   2   2   2   1 |     CAG   9   9   9   9 |     CGG   0   0   0   0
------------------------------------------------------------------------------------------------------
Ile ATT  22  19  22  20 | Thr ACT  12  12  12  12 | Asn AAT  18  18  20  18 | Ser AGT  11  10  10  11
    ATC   5   7   5   7 |     ACC   4   5   4   4 |     AAC  16  16  14  16 |     AGC   5   6   6   5
    ATA   8   9   8   8 |     ACA  28  26  26  28 | Lys AAA  41  42  42  42 | Arg AGA   8   8   9   8
Met ATG  16  16  16  16 |     ACG   1   1   3   1 |     AAG  17  17  17  16 |     AGG   4   3   3   4
------------------------------------------------------------------------------------------------------
Val GTT  19  19  18  18 | Ala GCT  15  16  16  16 | Asp GAT  29  31  29  30 | Gly GGT  27  24  26  28
    GTC   3   3   3   3 |     GCC   5   4   5   5 |     GAC  11   9  11  10 |     GGC   4   7   4   3
    GTA  14  15  14  14 |     GCA  14  16  14  14 | Glu GAA  37  37  39  38 |     GGA  14  14  14  14
    GTG   4   3   5   5 |     GCG   2   1   1   1 |     GAG  12  12  10  11 |     GGG   5   5   6   5
------------------------------------------------------------------------------------------------------

Codon position x base (3x4) table for each sequence.

#1: F58V           
position  1:    T:0.19392    C:0.18090    A:0.31259    G:0.31259
position  2:    T:0.27062    C:0.20116    A:0.36614    G:0.16208
position  3:    T:0.40521    C:0.13603    A:0.32272    G:0.13603
Average         T:0.28992    C:0.17270    A:0.33382    G:0.20357

#2: MZ726793_1     
position  1:    T:0.19537    C:0.18090    A:0.31259    G:0.31114
position  2:    T:0.27062    C:0.20116    A:0.36614    G:0.16208
position  3:    T:0.39942    C:0.14182    A:0.31983    G:0.13893
Average         T:0.28847    C:0.17463    A:0.33285    G:0.20405

#3: OP172792_1     
position  1:    T:0.19537    C:0.18090    A:0.31259    G:0.31114
position  2:    T:0.27062    C:0.20116    A:0.36614    G:0.16208
position  3:    T:0.40666    C:0.13603    A:0.32127    G:0.13603
Average         T:0.29088    C:0.17270    A:0.33333    G:0.20309

#4: MN850598_1     
position  1:    T:0.19537    C:0.18090    A:0.31259    G:0.31114
position  2:    T:0.27062    C:0.20116    A:0.36614    G:0.16208
position  3:    T:0.39508    C:0.14182    A:0.32562    G:0.13748
Average         T:0.28702    C:0.17463    A:0.33478    G:0.20357

#5: JX561091_1     
position  1:    T:0.19392    C:0.18090    A:0.31259    G:0.31259
position  2:    T:0.27062    C:0.20116    A:0.36469    G:0.16353
position  3:    T:0.40376    C:0.13748    A:0.32127    G:0.13748
Average         T:0.28944    C:0.17318    A:0.33285    G:0.20453

#6: MH252123_1     
position  1:    T:0.19826    C:0.17800    A:0.31259    G:0.31114
position  2:    T:0.27062    C:0.20116    A:0.36758    G:0.16064
position  3:    T:0.39653    C:0.13893    A:0.32417    G:0.14038
Average         T:0.28847    C:0.17270    A:0.33478    G:0.20405

#7: MT944117_1     
position  1:    T:0.19537    C:0.18090    A:0.31259    G:0.31114
position  2:    T:0.27062    C:0.20116    A:0.36614    G:0.16208
position  3:    T:0.40376    C:0.13603    A:0.31983    G:0.14038
Average         T:0.28992    C:0.17270    A:0.33285    G:0.20453

#8: OM386656_1     
position  1:    T:0.19826    C:0.17800    A:0.31114    G:0.31259
position  2:    T:0.27062    C:0.20116    A:0.36758    G:0.16064
position  3:    T:0.39219    C:0.14616    A:0.32272    G:0.13893
Average         T:0.28702    C:0.17511    A:0.33382    G:0.20405

#9: KX664695_3     
position  1:    T:0.19392    C:0.18090    A:0.31404    G:0.31114
position  2:    T:0.27062    C:0.20116    A:0.36758    G:0.16064
position  3:    T:0.40087    C:0.13748    A:0.31983    G:0.14182
Average         T:0.28847    C:0.17318    A:0.33382    G:0.20453

#10: OR437326_1     
position  1:    T:0.19537    C:0.18090    A:0.31259    G:0.31114
position  2:    T:0.27062    C:0.20116    A:0.36614    G:0.16208
position  3:    T:0.40087    C:0.13893    A:0.32562    G:0.13459
Average         T:0.28895    C:0.17366    A:0.33478    G:0.20260

Sums of codon usage counts
------------------------------------------------------------------------------
Phe F TTT     236 | Ser S TCT     111 | Tyr Y TAT     251 | Cys C TGT      89
      TTC     164 |       TCC       0 |       TAC     109 |       TGC      21
Leu L TTA     127 |       TCA      81 | *** * TAA       0 | *** * TGA       0
      TTG      94 |       TCG       8 |       TAG       0 | Trp W TGG      60
------------------------------------------------------------------------------
Leu L CTT     161 | Pro P CCT     206 | His H CAT      40 | Arg R CGT     150
      CTC      30 |       CCC      24 |       CAC      80 |       CGC       0
      CTA      59 |       CCA     133 | Gln Q CAA     150 |       CGA      18
      CTG      89 |       CCG      17 |       CAG      89 |       CGG       0
------------------------------------------------------------------------------
Ile I ATT     204 | Thr T ACT     119 | Asn N AAT     186 | Ser S AGT     107
      ATC      63 |       ACC      43 |       AAC     154 |       AGC      53
      ATA      83 |       ACA     271 | Lys K AAA     416 | Arg R AGA      85
Met M ATG     160 |       ACG      14 |       AAG     167 |       AGG      35
------------------------------------------------------------------------------
Val V GTT     184 | Ala A GCT     157 | Asp D GAT     296 | Gly G GGT     270
      GTC      30 |       GCC      47 |       GAC     104 |       GGC      39
      GTA     143 |       GCA     145 | Glu E GAA     376 |       GGA     140
      GTG      43 |       GCG      14 |       GAG     114 |       GGG      51
------------------------------------------------------------------------------


Codon position x base (3x4) table, overall

position  1:    T:0.19551    C:0.18032    A:0.31259    G:0.31158
position  2:    T:0.27062    C:0.20116    A:0.36643    G:0.16179
position  3:    T:0.40043    C:0.13907    A:0.32229    G:0.13821
Average         T:0.28886    C:0.17352    A:0.33377    G:0.20386

TREE #  1:  (1, (((((2, 4), 10), (3, 7)), 5), (6, 8)), 9);   MP score: 133
lnL(ntime: 17  np: 19):  -3468.671454      +0.000000
  11..1    11..12   12..13   13..14   14..15   15..16   16..2    16..4    15..10   14..17   17..3    17..7    13..5    12..18   18..6    18..8    11..9  
 0.020783 0.017948 0.016616 0.003999 0.003538 0.002371 0.006529 0.003954 0.004592 0.004479 0.014397 0.005448 0.022909 0.036431 0.003067 0.022899 0.018318 5.851157 0.013440

Note: Branch length is defined as number of nucleotide substitutions per codon (not per neucleotide site).

tree length =  0.208280

(1: 0.020783, (((((2: 0.006529, 4: 0.003954): 0.002371, 10: 0.004592): 0.003538, (3: 0.014397, 7: 0.005448): 0.004479): 0.003999, 5: 0.022909): 0.016616, (6: 0.003067, 8: 0.022899): 0.036431): 0.017948, 9: 0.018318);

(F58V: 0.020783, (((((MZ726793_1: 0.006529, MN850598_1: 0.003954): 0.002371, OR437326_1: 0.004592): 0.003538, (OP172792_1: 0.014397, MT944117_1: 0.005448): 0.004479): 0.003999, JX561091_1: 0.022909): 0.016616, (MH252123_1: 0.003067, OM386656_1: 0.022899): 0.036431): 0.017948, KX664695_3: 0.018318);

Detailed output identifying parameters

kappa (ts/tv) =  5.85116

omega (dN/dS) =  0.01344

dN & dS for each branch

 branch          t       N       S   dN/dS      dN      dS  N*dN  S*dS

  11..1      0.021  1586.2   486.8  0.0134  0.0004  0.0283   0.6  13.8
  11..12     0.018  1586.2   486.8  0.0134  0.0003  0.0244   0.5  11.9
  12..13     0.017  1586.2   486.8  0.0134  0.0003  0.0226   0.5  11.0
  13..14     0.004  1586.2   486.8  0.0134  0.0001  0.0054   0.1   2.6
  14..15     0.004  1586.2   486.8  0.0134  0.0001  0.0048   0.1   2.3
  15..16     0.002  1586.2   486.8  0.0134  0.0000  0.0032   0.1   1.6
  16..2      0.007  1586.2   486.8  0.0134  0.0001  0.0089   0.2   4.3
  16..4      0.004  1586.2   486.8  0.0134  0.0001  0.0054   0.1   2.6
  15..10     0.005  1586.2   486.8  0.0134  0.0001  0.0062   0.1   3.0
  14..17     0.004  1586.2   486.8  0.0134  0.0001  0.0061   0.1   3.0
  17..3      0.014  1586.2   486.8  0.0134  0.0003  0.0196   0.4   9.5
  17..7      0.005  1586.2   486.8  0.0134  0.0001  0.0074   0.2   3.6
  13..5      0.023  1586.2   486.8  0.0134  0.0004  0.0312   0.7  15.2
  12..18     0.036  1586.2   486.8  0.0134  0.0007  0.0495   1.1  24.1
  18..6      0.003  1586.2   486.8  0.0134  0.0001  0.0042   0.1   2.0
  18..8      0.023  1586.2   486.8  0.0134  0.0004  0.0311   0.7  15.2
  11..9      0.018  1586.2   486.8  0.0134  0.0003  0.0249   0.5  12.1

tree length for dN:       0.0038
tree length for dS:       0.2833


Time used:  0:12
