CODONML (in paml version 4.9j, October 2019)  paml_methyltransferase.phy
Model: One dN/dS ratio, 
Codon frequency model: F3x4
ns =  11  ls = 263

Codon usage in sequences
--------------------------------------------------------------------------------------------------------------------------------------
Phe TTT  14  14  15  14  14  14 | Ser TCT  12  12  12  12  12  12 | Tyr TAT   3   3   3   3   3   3 | Cys TGT   7   7   7   7   7   7
    TTC   5   5   4   5   5   5 |     TCC   0   0   0   0   0   0 |     TAC   5   5   5   5   5   5 |     TGC   0   0   0   0   0   0
Leu TTA  10  10  10  10  10  10 |     TCA   1   1   1   1   1   1 | *** TAA   0   0   0   0   0   0 | *** TGA   0   0   0   0   0   0
    TTG   4   5   4   5   4   4 |     TCG   0   0   0   0   0   0 |     TAG   0   0   0   0   0   0 | Trp TGG   3   3   3   3   3   3
--------------------------------------------------------------------------------------------------------------------------------------
Leu CTT   8   8   8   8   8   8 | Pro CCT   5   6   5   5   5   5 | His CAT   4   3   3   3   3   3 | Arg CGT   2   2   2   2   2   2
    CTC   0   0   0   0   0   0 |     CCC   3   2   3   3   3   3 |     CAC   1   2   2   2   2   2 |     CGC   2   2   2   2   2   2
    CTA   2   2   3   2   2   2 |     CCA   3   2   3   2   2   3 | Gln CAA   3   3   3   3   3   3 |     CGA   1   1   1   1   1   1
    CTG   2   1   1   1   2   2 |     CCG   1   2   1   2   2   1 |     CAG   2   2   2   2   2   2 |     CGG   0   0   0   0   0   0
--------------------------------------------------------------------------------------------------------------------------------------
Ile ATT   9   9   9   8   9   9 | Thr ACT   5   5   5   6   5   5 | Asn AAT   4   4   4   4   4   4 | Ser AGT   7   7   7   7   7   7
    ATC   4   4   4   4   4   4 |     ACC   1   1   1   1   1   1 |     AAC   9   9   9   9   9   9 |     AGC   1   1   1   1   1   1
    ATA   2   3   3   3   3   2 |     ACA   2   2   2   2   2   2 | Lys AAA  15  14  15  14  15  14 | Arg AGA   3   3   3   3   3   3
Met ATG   2   2   2   2   2   2 |     ACG   1   1   1   1   1   1 |     AAG   5   6   5   6   5   6 |     AGG   1   1   1   1   1   1
--------------------------------------------------------------------------------------------------------------------------------------
Val GTT   7   7   7   6   7   7 | Ala GCT  10  10   9  10  10   9 | Asp GAT   9   9   9  10   9   9 | Gly GGT   6   5   5   5   4   5
    GTC   1   1   1   1   1   1 |     GCC   3   3   4   3   3   4 |     GAC   3   3   3   2   3   3 |     GGC   0   1   1   1   2   1
    GTA   6   5   5   6   5   6 |     GCA   5   5   4   5   5   5 | Glu GAA  15  16  17  17  16  17 |     GGA   9   8   9   9   9   9
    GTG   1   1   1   1   1   1 |     GCG   4   4   5   4   4   4 |     GAG   9   8   7   7   8   7 |     GGG   1   2   1   1   1   1
--------------------------------------------------------------------------------------------------------------------------------------

----------------------------------------------------------------------------------------------------------------------
Phe TTT  14  14  13  14  14 | Ser TCT  12  12  12  12  12 | Tyr TAT   3   3   4   3   2 | Cys TGT   7   7   7   7   7
    TTC   5   5   6   5   5 |     TCC   0   0   0   0   0 |     TAC   5   5   4   5   6 |     TGC   0   0   0   0   0
Leu TTA  10  10  10  10  10 |     TCA   1   1   0   1   1 | *** TAA   0   0   0   0   0 | *** TGA   0   0   0   0   0
    TTG   5   4   3   5   5 |     TCG   0   0   0   0   0 |     TAG   0   0   0   0   0 | Trp TGG   3   3   3   3   3
----------------------------------------------------------------------------------------------------------------------
Leu CTT   8   8   8   8   8 | Pro CCT   6   5   6   5   5 | His CAT   3   4   3   3   3 | Arg CGT   2   2   2   2   2
    CTC   0   0   0   0   0 |     CCC   2   3   3   3   3 |     CAC   2   1   2   2   2 |     CGC   2   2   2   2   2
    CTA   2   2   2   2   1 |     CCA   2   3   2   2   2 | Gln CAA   3   3   4   3   4 |     CGA   1   1   1   1   0
    CTG   1   2   3   1   2 |     CCG   2   1   1   2   2 |     CAG   2   2   2   2   2 |     CGG   0   0   0   0   0
----------------------------------------------------------------------------------------------------------------------
Ile ATT  10   9   9   9   9 | Thr ACT   5   5   5   5   5 | Asn AAT   4   4   3   4   4 | Ser AGT   7   7   5   7   7
    ATC   4   4   4   4   4 |     ACC   1   1   1   1   1 |     AAC   9   9   9   9   9 |     AGC   1   1   4   1   1
    ATA   3   3   3   3   3 |     ACA   2   2   4   2   2 | Lys AAA  13  15  14  14  14 | Arg AGA   4   3   3   3   3
Met ATG   2   2   2   2   2 |     ACG   1   1   1   1   1 |     AAG   6   5   6   6   6 |     AGG   1   1   1   1   1
----------------------------------------------------------------------------------------------------------------------
Val GTT   6   7   8   7   7 | Ala GCT  10  10  10  10  10 | Asp GAT   9  10   9  10  10 | Gly GGT   5   6   6   6   6
    GTC   1   1   0   1   1 |     GCC   3   3   3   3   3 |     GAC   3   2   3   2   2 |     GGC   1   0   0   0   0
    GTA   5   5   5   5   5 |     GCA   5   5   5   5   5 | Glu GAA  16  16  15  16  16 |     GGA   8   9   9   9   8
    GTG   1   1   1   1   1 |     GCG   4   4   3   4   4 |     GAG   8   8   8   8   8 |     GGG   2   1   1   1   2
----------------------------------------------------------------------------------------------------------------------

Codon position x base (3x4) table for each sequence.

#1: F58V           
position  1:    T:0.24335    C:0.14829    A:0.26996    G:0.33840
position  2:    T:0.29278    C:0.21293    A:0.33080    G:0.16350
position  3:    T:0.42586    C:0.14449    A:0.29278    G:0.13688
Average         T:0.32066    C:0.16857    A:0.29785    G:0.21293

#2: MZ726793_1     
position  1:    T:0.24715    C:0.14449    A:0.27376    G:0.33460
position  2:    T:0.29278    C:0.21293    A:0.33080    G:0.16350
position  3:    T:0.42205    C:0.14829    A:0.28517    G:0.14449
Average         T:0.32066    C:0.16857    A:0.29658    G:0.21420

#3: OP172792_1     
position  1:    T:0.24335    C:0.14829    A:0.27376    G:0.33460
position  2:    T:0.29278    C:0.21293    A:0.33080    G:0.16350
position  3:    T:0.41825    C:0.15209    A:0.30038    G:0.12928
Average         T:0.31812    C:0.17110    A:0.30165    G:0.20913

#4: MN850598_1     
position  1:    T:0.24715    C:0.14449    A:0.27376    G:0.33460
position  2:    T:0.28897    C:0.21673    A:0.33080    G:0.16350
position  3:    T:0.41825    C:0.14829    A:0.29658    G:0.13688
Average         T:0.31812    C:0.16984    A:0.30038    G:0.21166

#5: JX561091_1     
position  1:    T:0.24335    C:0.14829    A:0.27376    G:0.33460
position  2:    T:0.29278    C:0.21293    A:0.33080    G:0.16350
position  3:    T:0.41445    C:0.15589    A:0.29278    G:0.13688
Average         T:0.31686    C:0.17237    A:0.29911    G:0.21166

#6: MH252123_1     
position  1:    T:0.24335    C:0.14829    A:0.26996    G:0.33840
position  2:    T:0.29278    C:0.21293    A:0.33080    G:0.16350
position  3:    T:0.41445    C:0.15589    A:0.29658    G:0.13308
Average         T:0.31686    C:0.17237    A:0.29911    G:0.21166

#7: MT944117_1     
position  1:    T:0.24715    C:0.14449    A:0.27757    G:0.33080
position  2:    T:0.29278    C:0.21293    A:0.32700    G:0.16730
position  3:    T:0.42205    C:0.14829    A:0.28517    G:0.14449
Average         T:0.32066    C:0.16857    A:0.29658    G:0.21420

#8: OR352955_1     
position  1:    T:0.24335    C:0.14829    A:0.27376    G:0.33460
position  2:    T:0.29278    C:0.21293    A:0.33080    G:0.16350
position  3:    T:0.42966    C:0.14068    A:0.29658    G:0.13308
Average         T:0.32193    C:0.16730    A:0.30038    G:0.21039

#9: OM386656_1     
position  1:    T:0.23574    C:0.15589    A:0.28137    G:0.32700
position  2:    T:0.29278    C:0.21293    A:0.32700    G:0.16730
position  3:    T:0.41825    C:0.15589    A:0.29278    G:0.13308
Average         T:0.31559    C:0.17490    A:0.30038    G:0.20913

#10: KX664695_3     
position  1:    T:0.24715    C:0.14449    A:0.27376    G:0.33460
position  2:    T:0.29278    C:0.21293    A:0.33080    G:0.16350
position  3:    T:0.42586    C:0.14449    A:0.28897    G:0.14068
Average         T:0.32193    C:0.16730    A:0.29785    G:0.21293

#11: OR437326_1     
position  1:    T:0.24715    C:0.14449    A:0.27376    G:0.33460
position  2:    T:0.29278    C:0.21293    A:0.33460    G:0.15970
position  3:    T:0.42205    C:0.14829    A:0.28137    G:0.14829
Average         T:0.32066    C:0.16857    A:0.29658    G:0.21420

Sums of codon usage counts
------------------------------------------------------------------------------
Phe F TTT     154 | Ser S TCT     132 | Tyr Y TAT      33 | Cys C TGT      77
      TTC      55 |       TCC       0 |       TAC      55 |       TGC       0
Leu L TTA     110 |       TCA      10 | *** * TAA       0 | *** * TGA       0
      TTG      48 |       TCG       0 |       TAG       0 | Trp W TGG      33
------------------------------------------------------------------------------
Leu L CTT      88 | Pro P CCT      58 | His H CAT      35 | Arg R CGT      22
      CTC       0 |       CCC      31 |       CAC      20 |       CGC      22
      CTA      22 |       CCA      26 | Gln Q CAA      35 |       CGA      10
      CTG      18 |       CCG      17 |       CAG      22 |       CGG       0
------------------------------------------------------------------------------
Ile I ATT      99 | Thr T ACT      56 | Asn N AAT      43 | Ser S AGT      75
      ATC      44 |       ACC      11 |       AAC      99 |       AGC      14
      ATA      31 |       ACA      24 | Lys K AAA     157 | Arg R AGA      34
Met M ATG      22 |       ACG      11 |       AAG      62 |       AGG      11
------------------------------------------------------------------------------
Val V GTT      76 | Ala A GCT     108 | Asp D GAT     103 | Gly G GGT      59
      GTC      10 |       GCC      35 |       GAC      29 |       GGC       7
      GTA      58 |       GCA      54 | Glu E GAA     177 |       GGA      96
      GTG      11 |       GCG      44 |       GAG      86 |       GGG      14
------------------------------------------------------------------------------


Codon position x base (3x4) table, overall

position  1:    T:0.24438    C:0.14725    A:0.27411    G:0.33426
position  2:    T:0.29243    C:0.21327    A:0.33045    G:0.16384
position  3:    T:0.42102    C:0.14933    A:0.29174    G:0.13792
Average         T:0.31928    C:0.16995    A:0.29877    G:0.21201

TREE #  1:  (1, ((((((2, 7), (4, (10, 11))), 5), 6), 3), 9), 8);   MP score: 58
lnL(ntime: 19  np: 21):  -1366.792736      +0.000000
  12..1    12..13   13..14   14..15   15..16   16..17   17..18   18..2    18..7    17..19   19..4    19..20   20..10   20..11   16..5    15..6    14..3    13..9    12..8  
 0.007696 0.000004 0.011695 0.000004 0.003967 0.007613 0.011453 0.000004 0.007661 0.000004 0.011687 0.011645 0.000004 0.015472 0.007698 0.019241 0.015577 0.095445 0.003862 10.217172 0.086392

Note: Branch length is defined as number of nucleotide substitutions per codon (not per neucleotide site).

tree length =  0.230731

(1: 0.007696, ((((((2: 0.000004, 7: 0.007661): 0.011453, (4: 0.011687, (10: 0.000004, 11: 0.015472): 0.011645): 0.000004): 0.007613, 5: 0.007698): 0.003967, 6: 0.019241): 0.000004, 3: 0.015577): 0.011695, 9: 0.095445): 0.000004, 8: 0.003862);

(F58V: 0.007696, ((((((MZ726793_1: 0.000004, MT944117_1: 0.007661): 0.011453, (MN850598_1: 0.011687, (KX664695_3: 0.000004, OR437326_1: 0.015472): 0.011645): 0.000004): 0.007613, JX561091_1: 0.007698): 0.003967, MH252123_1: 0.019241): 0.000004, OP172792_1: 0.015577): 0.011695, OM386656_1: 0.095445): 0.000004, OR352955_1: 0.003862);

Detailed output identifying parameters

kappa (ts/tv) = 10.21717

omega (dN/dS) =  0.08639

dN & dS for each branch

 branch          t       N       S   dN/dS      dN      dS  N*dN  S*dS

  12..1      0.008   589.2   199.8  0.0864  0.0007  0.0081   0.4   1.6
  12..13     0.000   589.2   199.8  0.0864  0.0000  0.0000   0.0   0.0
  13..14     0.012   589.2   199.8  0.0864  0.0011  0.0123   0.6   2.5
  14..15     0.000   589.2   199.8  0.0864  0.0000  0.0000   0.0   0.0
  15..16     0.004   589.2   199.8  0.0864  0.0004  0.0042   0.2   0.8
  16..17     0.008   589.2   199.8  0.0864  0.0007  0.0080   0.4   1.6
  17..18     0.011   589.2   199.8  0.0864  0.0010  0.0120   0.6   2.4
  18..2      0.000   589.2   199.8  0.0864  0.0000  0.0000   0.0   0.0
  18..7      0.008   589.2   199.8  0.0864  0.0007  0.0080   0.4   1.6
  17..19     0.000   589.2   199.8  0.0864  0.0000  0.0000   0.0   0.0
  19..4      0.012   589.2   199.8  0.0864  0.0011  0.0123   0.6   2.4
  19..20     0.012   589.2   199.8  0.0864  0.0011  0.0122   0.6   2.4
  20..10     0.000   589.2   199.8  0.0864  0.0000  0.0000   0.0   0.0
  20..11     0.015   589.2   199.8  0.0864  0.0014  0.0162   0.8   3.2
  16..5      0.008   589.2   199.8  0.0864  0.0007  0.0081   0.4   1.6
  15..6      0.019   589.2   199.8  0.0864  0.0017  0.0202   1.0   4.0
  14..3      0.016   589.2   199.8  0.0864  0.0014  0.0163   0.8   3.3
  13..9      0.095   589.2   199.8  0.0864  0.0086  0.1001   5.1  20.0
  12..8      0.004   589.2   199.8  0.0864  0.0003  0.0041   0.2   0.8

tree length for dN:       0.0209
tree length for dS:       0.2420


Time used:  0:05
