CODONML (in paml version 4.9j, October 2019)  paml_DNA_primase.phy
Model: One dN/dS ratio, 
Codon frequency model: F3x4
ns =  11  ls = 592

Codon usage in sequences
--------------------------------------------------------------------------------------------------------------------------------------
Phe TTT  18  17  16  17  17  17 | Ser TCT  10  10  10  10  10  11 | Tyr TAT  21  22  21  20  22  21 | Cys TGT   4   4   4   4   4   4
    TTC   7   8   9   8   8   8 |     TCC   3   3   4   3   3   3 |     TAC   7   6   7   8   6   7 |     TGC   5   5   5   5   5   5
Leu TTA   9   8   8   8   8   7 |     TCA   4   4   5   4   5   4 | *** TAA   0   0   0   0   0   0 | *** TGA   0   0   0   0   0   0
    TTG  15  16  16  16  17  17 |     TCG   5   5   3   5   4   4 |     TAG   0   0   0   0   0   0 | Trp TGG   3   3   3   3   3   3
--------------------------------------------------------------------------------------------------------------------------------------
Leu CTT   6   6   6   6   6   5 | Pro CCT  12  12  13  12  12  12 | His CAT   8  10   8  10  10  10 | Arg CGT  19  17  19  18  17  18
    CTC   0   0   0   0   0   1 |     CCC   0   0   0   0   0   1 |     CAC   8   6   8   6   6   6 |     CGC   3   5   3   4   5   4
    CTA   6   5   5   5   5   7 |     CCA   6   6   6   6   6   4 | Gln CAA   8   8   8   8   8   8 |     CGA   3   3   3   3   3   3
    CTG  10  11  11  11  10   9 |     CCG   3   3   2   3   3   4 |     CAG   9   9   9   9   9   9 |     CGG   0   0   0   0   0   0
--------------------------------------------------------------------------------------------------------------------------------------
Ile ATT  24  23  22  23  24  22 | Thr ACT  12  13  14  13  13  11 | Asn AAT  14  17  17  17  17  16 | Ser AGT   8   8   8   8   8   9
    ATC  13  14  15  14  13  15 |     ACC   9   8   5   8   8   9 |     AAC  13  10   9  10  10  10 |     AGC   3   3   4   3   3   3
    ATA   2   2   2   2   2   2 |     ACA  10   9  12   9   9   9 | Lys AAA  32  33  34  33  33  31 | Arg AGA   2   2   2   2   2   2
Met ATG  16  16  16  16  16  16 |     ACG   1   2   1   2   2   3 |     AAG  14  13  12  13  13  15 |     AGG   1   1   1   1   1   1
--------------------------------------------------------------------------------------------------------------------------------------
Val GTT  18  19  19  18  19  17 | Ala GCT  16  15  16  15  15  16 | Asp GAT  24  23  22  23  23  24 | Gly GGT  26  27  27  27  27  27
    GTC   3   3   2   4   3   5 |     GCC   2   3   2   3   3   3 |     GAC   7   8   9   8   8   7 |     GGC   5   4   4   4   4   4
    GTA  12  11  13  11  11  11 |     GCA  17  17  17  17  17  17 | Glu GAA  38  40  43  40  40  39 |     GGA   8   8   8   7   8   8
    GTG   7   7   6   7   7   7 |     GCG   2   2   2   2   2   1 |     GAG  19  17  14  17  17  18 |     GGG   2   2   2   3   2   2
--------------------------------------------------------------------------------------------------------------------------------------

----------------------------------------------------------------------------------------------------------------------
Phe TTT  17  17  18  17  17 | Ser TCT  10  10  11  10  10 | Tyr TAT  22  21  20  22  22 | Cys TGT   4   4   4   4   4
    TTC   8   8   7   8   8 |     TCC   3   3   3   3   3 |     TAC   6   7   8   6   6 |     TGC   5   5   5   5   5
Leu TTA   8   8   9   8   9 |     TCA   5   4   5   4   3 | *** TAA   0   0   0   0   0 | *** TGA   0   0   0   0   0
    TTG  16  16  16  16  15 |     TCG   4   5   3   5   6 |     TAG   0   0   0   0   0 | Trp TGG   3   3   3   3   3
----------------------------------------------------------------------------------------------------------------------
Leu CTT   5   6   7   6   6 | Pro CCT  12  12  12  12  12 | His CAT   9  10   8  10  10 | Arg CGT  18  18  19  18  18
    CTC   0   0   0   0   0 |     CCC   0   0   0   0   0 |     CAC   7   6   8   6   6 |     CGC   4   4   2   4   4
    CTA   6   5   7   5   6 |     CCA   5   6   7   5   6 | Gln CAA   8   8   8   8   8 |     CGA   3   3   4   3   3
    CTG  11  11   7  11  10 |     CCG   4   3   2   4   3 |     CAG   9   9   9   9   9 |     CGG   0   0   0   0   0
----------------------------------------------------------------------------------------------------------------------
Ile ATT  24  23  23  23  23 | Thr ACT  12  12  12  12  12 | Asn AAT  16  18  12  17  17 | Ser AGT   8   8   9   9   8
    ATC  13  14  14  14  14 |     ACC   9   9   9   9   9 |     AAC  11   9  14   9  10 |     AGC   3   3   3   3   3
    ATA   2   2   2   2   2 |     ACA   9   9  10   9   9 | Lys AAA  33  33  31  33  33 | Arg AGA   2   2   2   2   2
Met ATG  16  16  16  16  16 |     ACG   2   2   1   2   2 |     AAG  13  13  15  13  13 |     AGG   1   1   1   1   1
----------------------------------------------------------------------------------------------------------------------
Val GTT  18  18  18  18  17 | Ala GCT  15  15  16  15  15 | Asp GAT  23  23  25  23  23 | Gly GGT  26  27  26  27  27
    GTC   3   4   4   4   4 |     GCC   3   3   3   4   3 |     GAC   8   8   6   8   8 |     GGC   5   4   5   4   4
    GTA  12  11  12  12  11 |     GCA  17  17  16  16  17 | Glu GAA  40  40  37  39  40 |     GGA   8   8   8   9   7
    GTG   7   7   6   6   8 |     GCG   2   2   2   2   2 |     GAG  17  17  20  18  17 |     GGG   2   2   2   1   3
----------------------------------------------------------------------------------------------------------------------

Codon position x base (3x4) table for each sequence.

#1: F58V           
position  1:    T:0.18750    C:0.17061    A:0.29392    G:0.34797
position  2:    T:0.28041    C:0.18919    A:0.37500    G:0.15541
position  3:    T:0.40541    C:0.14865    A:0.26520    G:0.18074
Average         T:0.29110    C:0.16948    A:0.31137    G:0.22804

#2: MZ726793_1     
position  1:    T:0.18750    C:0.17061    A:0.29392    G:0.34797
position  2:    T:0.28041    C:0.18919    A:0.37500    G:0.15541
position  3:    T:0.41047    C:0.14527    A:0.26351    G:0.18074
Average         T:0.29279    C:0.16836    A:0.31081    G:0.22804

#3: OP172792_1     
position  1:    T:0.18750    C:0.17061    A:0.29392    G:0.34797
position  2:    T:0.28041    C:0.18919    A:0.37331    G:0.15709
position  3:    T:0.40878    C:0.14527    A:0.28041    G:0.16554
Average         T:0.29223    C:0.16836    A:0.31588    G:0.22354

#4: MN850598_1     
position  1:    T:0.18750    C:0.17061    A:0.29392    G:0.34797
position  2:    T:0.28041    C:0.18919    A:0.37500    G:0.15541
position  3:    T:0.40709    C:0.14865    A:0.26182    G:0.18243
Average         T:0.29167    C:0.16948    A:0.31025    G:0.22860

#5: JX561091_1     
position  1:    T:0.18919    C:0.16892    A:0.29392    G:0.34797
position  2:    T:0.28041    C:0.18919    A:0.37500    G:0.15541
position  3:    T:0.41216    C:0.14358    A:0.26520    G:0.17905
Average         T:0.29392    C:0.16723    A:0.31137    G:0.22748

#6: MH252123_1     
position  1:    T:0.18750    C:0.17061    A:0.29392    G:0.34797
position  2:    T:0.28041    C:0.18919    A:0.37331    G:0.15709
position  3:    T:0.40541    C:0.15372    A:0.25676    G:0.18412
Average         T:0.29110    C:0.17117    A:0.30800    G:0.22973

#7: MT944117_1     
position  1:    T:0.18750    C:0.17061    A:0.29392    G:0.34797
position  2:    T:0.28041    C:0.18919    A:0.37500    G:0.15541
position  3:    T:0.40372    C:0.14865    A:0.26689    G:0.18074
Average         T:0.29054    C:0.16948    A:0.31194    G:0.22804

#8: OR352955_1     
position  1:    T:0.18750    C:0.17061    A:0.29392    G:0.34797
position  2:    T:0.28041    C:0.18919    A:0.37500    G:0.15541
position  3:    T:0.40878    C:0.14696    A:0.26351    G:0.18074
Average         T:0.29223    C:0.16892    A:0.31081    G:0.22804

#9: OM386656_1     
position  1:    T:0.18919    C:0.16892    A:0.29392    G:0.34797
position  2:    T:0.28041    C:0.18919    A:0.37331    G:0.15709
position  3:    T:0.40541    C:0.15372    A:0.26689    G:0.17399
Average         T:0.29167    C:0.17061    A:0.31137    G:0.22635

#10: KX664695_3     
position  1:    T:0.18750    C:0.17061    A:0.29392    G:0.34797
position  2:    T:0.28041    C:0.18919    A:0.37331    G:0.15709
position  3:    T:0.41047    C:0.14696    A:0.26182    G:0.18074
Average         T:0.29279    C:0.16892    A:0.30968    G:0.22860

#11: OR437326_1     
position  1:    T:0.18750    C:0.17061    A:0.29392    G:0.34797
position  2:    T:0.28041    C:0.18919    A:0.37500    G:0.15541
position  3:    T:0.40709    C:0.14696    A:0.26351    G:0.18243
Average         T:0.29167    C:0.16892    A:0.31081    G:0.22860

Sums of codon usage counts
------------------------------------------------------------------------------
Phe F TTT     188 | Ser S TCT     112 | Tyr Y TAT     234 | Cys C TGT      44
      TTC      87 |       TCC      34 |       TAC      74 |       TGC      55
Leu L TTA      90 |       TCA      47 | *** * TAA       0 | *** * TGA       0
      TTG     176 |       TCG      49 |       TAG       0 | Trp W TGG      33
------------------------------------------------------------------------------
Leu L CTT      65 | Pro P CCT     133 | His H CAT     103 | Arg R CGT     199
      CTC       1 |       CCC       1 |       CAC      73 |       CGC      42
      CTA      62 |       CCA      63 | Gln Q CAA      88 |       CGA      34
      CTG     112 |       CCG      34 |       CAG      99 |       CGG       0
------------------------------------------------------------------------------
Ile I ATT     254 | Thr T ACT     136 | Asn N AAT     178 | Ser S AGT      91
      ATC     153 |       ACC      92 |       AAC     115 |       AGC      34
      ATA      22 |       ACA     104 | Lys K AAA     359 | Arg R AGA      22
Met M ATG     176 |       ACG      20 |       AAG     147 |       AGG      11
------------------------------------------------------------------------------
Val V GTT     199 | Ala A GCT     169 | Asp D GAT     256 | Gly G GGT     294
      GTC      39 |       GCC      32 |       GAC      85 |       GGC      47
      GTA     127 |       GCA     185 | Glu E GAA     436 |       GGA      87
      GTG      75 |       GCG      21 |       GAG     191 |       GGG      23
------------------------------------------------------------------------------


Codon position x base (3x4) table, overall

position  1:    T:0.18781    C:0.17030    A:0.29392    G:0.34797
position  2:    T:0.28041    C:0.18919    A:0.37439    G:0.15602
position  3:    T:0.40771    C:0.14803    A:0.26505    G:0.17921
Average         T:0.29197    C:0.16917    A:0.31112    G:0.22773

TREE #  1:  (1, ((((2, 5), ((((3, 9), 6), 10), 8)), 11), 4), 7);   MP score: 131
lnL(ntime: 19  np: 21):  -3023.544582      +0.000000
  12..1    12..13   13..14   14..15   15..16   16..2    16..5    15..17   17..18   18..19   19..20   20..3    20..9    19..6    18..10   17..8    14..11   13..4    12..7  
 0.026473 0.015829 0.000004 0.001722 0.005186 0.000004 0.005194 0.000004 0.014935 0.004556 0.011343 0.052494 0.046065 0.026234 0.009759 0.003438 0.006919 0.005158 0.001641 5.511789 0.002446

Note: Branch length is defined as number of nucleotide substitutions per codon (not per neucleotide site).

tree length =  0.236960

(1: 0.026473, ((((2: 0.000004, 5: 0.005194): 0.005186, ((((3: 0.052494, 9: 0.046065): 0.011343, 6: 0.026234): 0.004556, 10: 0.009759): 0.014935, 8: 0.003438): 0.000004): 0.001722, 11: 0.006919): 0.000004, 4: 0.005158): 0.015829, 7: 0.001641);

(F58V: 0.026473, ((((MZ726793_1: 0.000004, JX561091_1: 0.005194): 0.005186, ((((OP172792_1: 0.052494, OM386656_1: 0.046065): 0.011343, MH252123_1: 0.026234): 0.004556, KX664695_3: 0.009759): 0.014935, OR352955_1: 0.003438): 0.000004): 0.001722, OR437326_1: 0.006919): 0.000004, MN850598_1: 0.005158): 0.015829, MT944117_1: 0.001641);

Detailed output identifying parameters

kappa (ts/tv) =  5.51179

omega (dN/dS) =  0.00245

dN & dS for each branch

 branch          t       N       S   dN/dS      dN      dS  N*dN  S*dS

  12..1      0.026  1329.4   446.6  0.0024  0.0001  0.0348   0.1  15.6
  12..13     0.016  1329.4   446.6  0.0024  0.0001  0.0208   0.1   9.3
  13..14     0.000  1329.4   446.6  0.0024  0.0000  0.0000   0.0   0.0
  14..15     0.002  1329.4   446.6  0.0024  0.0000  0.0023   0.0   1.0
  15..16     0.005  1329.4   446.6  0.0024  0.0000  0.0068   0.0   3.0
  16..2      0.000  1329.4   446.6  0.0024  0.0000  0.0000   0.0   0.0
  16..5      0.005  1329.4   446.6  0.0024  0.0000  0.0068   0.0   3.1
  15..17     0.000  1329.4   446.6  0.0024  0.0000  0.0000   0.0   0.0
  17..18     0.015  1329.4   446.6  0.0024  0.0000  0.0197   0.1   8.8
  18..19     0.005  1329.4   446.6  0.0024  0.0000  0.0060   0.0   2.7
  19..20     0.011  1329.4   446.6  0.0024  0.0000  0.0149   0.0   6.7
  20..3      0.052  1329.4   446.6  0.0024  0.0002  0.0691   0.2  30.9
  20..9      0.046  1329.4   446.6  0.0024  0.0001  0.0606   0.2  27.1
  19..6      0.026  1329.4   446.6  0.0024  0.0001  0.0345   0.1  15.4
  18..10     0.010  1329.4   446.6  0.0024  0.0000  0.0128   0.0   5.7
  17..8      0.003  1329.4   446.6  0.0024  0.0000  0.0045   0.0   2.0
  14..11     0.007  1329.4   446.6  0.0024  0.0000  0.0091   0.0   4.1
  13..4      0.005  1329.4   446.6  0.0024  0.0000  0.0068   0.0   3.0
  12..7      0.002  1329.4   446.6  0.0024  0.0000  0.0022   0.0   1.0

tree length for dN:       0.0008
tree length for dS:       0.3118


Time used:  0:11
