CODONML (in paml version 4.9j, October 2019)  paml_main_tail_fiber.phy
Model: One dN/dS ratio, 
Codon frequency model: F3x4
Site-class models:  beta (4 categories)
ns =  11  ls = 665

Codon usage in sequences
--------------------------------------------------------------------------------------------------------------------------------------
Phe TTT  12  12  12  12  12  12 | Ser TCT  22  22  22  26  22  22 | Tyr TAT  18  18  20  19  19  20 | Cys TGT   0   0   0   0   0   0
    TTC   2   2   2   2   2   2 |     TCC   5   5   5   5   5   5 |     TAC   8   8   6   7   7   6 |     TGC   0   0   0   0   0   0
Leu TTA   8   8   8   8   8   9 |     TCA   7   7   8   7   8   8 | *** TAA   0   0   0   0   0   0 | *** TGA   0   0   0   0   0   0
    TTG   8   8   8   9   8   9 |     TCG   3   3   2   2   2   2 |     TAG   0   0   0   0   0   0 | Trp TGG  15  15  15  15  15  15
--------------------------------------------------------------------------------------------------------------------------------------
Leu CTT  16  16  16  14  16  16 | Pro CCT  19  19  19  16  19  19 | His CAT   1   1   1   1   1   1 | Arg CGT   5   5   5   5   5   5
    CTC   1   1   1   2   1   1 |     CCC   0   0   0   1   0   0 |     CAC   1   1   1   1   1   1 |     CGC   1   1   1   1   1   1
    CTA   4   4   3   5   4   5 |     CCA  13  14  14  12  14  14 | Gln CAA  19  19  19  19  18  18 |     CGA   3   3   3   2   3   3
    CTG   6   6   7   5   6   4 |     CCG   2   1   1   2   1   1 |     CAG   4   4   4   5   5   5 |     CGG   0   0   0   0   0   0
--------------------------------------------------------------------------------------------------------------------------------------
Ile ATT  14  14  15  14  15  13 | Thr ACT  22  22  22  20  20  20 | Asn AAT  23  23  26  28  24  22 | Ser AGT  11  11  11   9  11  11
    ATC  10  10   9   9  10  10 |     ACC   5   5   6   8   9   9 |     AAC  18  18  16  13  16  18 |     AGC   3   3   3   3   3   3
    ATA  10   9  10   9   9   9 |     ACA  29  29  29  27  30  31 | Lys AAA  21  21  21  23  21  21 | Arg AGA   2   2   1   2   2   2
Met ATG   9   9   9   7   9   9 |     ACG   8   9   8   9   8   8 |     AAG   5   5   6   5   5   5 |     AGG   0   0   0   0   0   0
--------------------------------------------------------------------------------------------------------------------------------------
Val GTT  25  25  24  26  25  27 | Ala GCT  18  18  18  17  18  17 | Asp GAT  38  38  37  35  38  39 | Gly GGT  45  44  45  44  43  41
    GTC   4   4   5   4   4   3 |     GCC  10   9   9   9   9  10 |     GAC  10  10  10  15  10   9 |     GGC   5   6   6   9   7   8
    GTA  12  13  12  13  11  11 |     GCA  29  29  29  29  29  27 | Glu GAA  26  26  26  23  26  24 |     GGA  26  26  25  21  26  26
    GTG   4   4   4   7   4   4 |     GCG   3   3   3   4   3   4 |     GAG   5   5   5   6   5   7 |     GGG  12  12  12  14  12  13
--------------------------------------------------------------------------------------------------------------------------------------

----------------------------------------------------------------------------------------------------------------------
Phe TTT  12  11  12  12  12 | Ser TCT  22  22  23  22  21 | Tyr TAT  18  18  18  18  18 | Cys TGT   0   0   0   0   0
    TTC   2   3   2   2   2 |     TCC   5   5   4   4   5 |     TAC   8   8   8   8   8 |     TGC   0   0   0   0   0
Leu TTA  10   9  10   9   8 |     TCA   7   8   7   8   8 | *** TAA   0   0   0   0   0 | *** TGA   0   0   0   0   0
    TTG   7   7   7   7   8 |     TCG   3   2   3   2   3 |     TAG   0   0   0   0   0 | Trp TGG  15  15  15  15  15
----------------------------------------------------------------------------------------------------------------------
Leu CTT  15  15  15  15  16 | Pro CCT  18  18  18  19  19 | His CAT   1   1   1   1   1 | Arg CGT   5   4   4   5   5
    CTC   1   1   1   1   1 |     CCC   0   0   0   0   0 |     CAC   1   1   1   1   1 |     CGC   1   1   1   1   1
    CTA   4   5   5   6   4 |     CCA  14  14  14  14  13 | Gln CAA  20  18  19  18  19 |     CGA   2   3   2   3   3
    CTG   6   6   5   5   6 |     CCG   2   2   2   1   2 |     CAG   4   5   5   5   4 |     CGG   0   0   0   0   0
----------------------------------------------------------------------------------------------------------------------
Ile ATT  14  14  14  15  14 | Thr ACT  21  21  21  21  22 | Asn AAT  23  25  24  25  23 | Ser AGT  11  11  11  11  11
    ATC  10  10  10   9  10 |     ACC   8   9   8   7   5 |     AAC  16  14  16  15  18 |     AGC   4   3   3   3   3
    ATA   9   9  10   9  10 |     ACA  29  28  27  31  29 | Lys AAA  21  21  21  21  21 | Arg AGA   2   2   2   2   2
Met ATG   9   9   9   9   9 |     ACG   9  10  10   8   8 |     AAG   5   5   5   5   5 |     AGG   0   1   1   0   0
----------------------------------------------------------------------------------------------------------------------
Val GTT  24  24  24  22  24 | Ala GCT  18  18  19  20  18 | Asp GAT  36  36  36  34  36 | Gly GGT  42  41  43  44  43
    GTC   5   5   5   5   4 |     GCC   9   9   8   9  10 |     GAC  12  12  11  14  12 |     GGC   9   9   8   5   7
    GTA  13  11  13  15  12 |     GCA  29  29  28  27  29 | Glu GAA  26  26  26  26  25 |     GGA  28  27  26  28  26
    GTG   3   5   3   3   5 |     GCG   3   3   4   4   3 |     GAG   5   5   5   5   6 |     GGG   9  11  12  11  12
----------------------------------------------------------------------------------------------------------------------

Codon position x base (3x4) table for each sequence.

#1: F58V           
position  1:    T:0.16241    C:0.14286    A:0.28571    G:0.40902
position  2:    T:0.21805    C:0.29323    A:0.29624    G:0.19248
position  3:    T:0.43459    C:0.12481    A:0.31429    G:0.12632
Average         T:0.27168    C:0.18697    A:0.29875    G:0.24261

#2: MZ726793_1     
position  1:    T:0.16241    C:0.14286    A:0.28571    G:0.40902
position  2:    T:0.21805    C:0.29323    A:0.29624    G:0.19248
position  3:    T:0.43308    C:0.12481    A:0.31579    G:0.12632
Average         T:0.27118    C:0.18697    A:0.29925    G:0.24261

#3: OP172792_1     
position  1:    T:0.16241    C:0.14286    A:0.28872    G:0.40602
position  2:    T:0.21805    C:0.29323    A:0.29774    G:0.19098
position  3:    T:0.44060    C:0.12030    A:0.31278    G:0.12632
Average         T:0.27368    C:0.18546    A:0.29975    G:0.24110

#4: MN850598_1     
position  1:    T:0.16842    C:0.13684    A:0.27970    G:0.41504
position  2:    T:0.21955    C:0.29173    A:0.30075    G:0.18797
position  3:    T:0.43008    C:0.13383    A:0.30075    G:0.13534
Average         T:0.27268    C:0.18747    A:0.29373    G:0.24612

#5: JX561091_1     
position  1:    T:0.16241    C:0.14286    A:0.28872    G:0.40602
position  2:    T:0.21654    C:0.29624    A:0.29474    G:0.19248
position  3:    T:0.43308    C:0.12782    A:0.31429    G:0.12481
Average         T:0.27068    C:0.18897    A:0.29925    G:0.24110

#6: MH252123_1     
position  1:    T:0.16541    C:0.14135    A:0.28722    G:0.40602
position  2:    T:0.21654    C:0.29624    A:0.29474    G:0.19248
position  3:    T:0.42857    C:0.12932    A:0.31278    G:0.12932
Average         T:0.27018    C:0.18897    A:0.29825    G:0.24261

#7: MT944117_1     
position  1:    T:0.16391    C:0.14135    A:0.28722    G:0.40752
position  2:    T:0.21654    C:0.29624    A:0.29474    G:0.19248
position  3:    T:0.42105    C:0.13684    A:0.32180    G:0.12030
Average         T:0.26717    C:0.19148    A:0.30125    G:0.24010

#8: OR352955_1     
position  1:    T:0.16241    C:0.14135    A:0.28872    G:0.40752
position  2:    T:0.21654    C:0.29774    A:0.29323    G:0.19248
position  3:    T:0.41955    C:0.13534    A:0.31579    G:0.12932
Average         T:0.26617    C:0.19148    A:0.29925    G:0.24311

#9: OM386656_1     
position  1:    T:0.16391    C:0.13985    A:0.28872    G:0.40752
position  2:    T:0.21805    C:0.29474    A:0.29474    G:0.19248
position  3:    T:0.42556    C:0.12932    A:0.31579    G:0.12932
Average         T:0.26917    C:0.18797    A:0.29975    G:0.24311

#10: KX664695_3     
position  1:    T:0.16090    C:0.14286    A:0.28722    G:0.40902
position  2:    T:0.21654    C:0.29624    A:0.29474    G:0.19248
position  3:    T:0.42707    C:0.12632    A:0.32632    G:0.12030
Average         T:0.26817    C:0.18847    A:0.30276    G:0.24060

#11: OR437326_1     
position  1:    T:0.16241    C:0.14286    A:0.28571    G:0.40902
position  2:    T:0.21805    C:0.29323    A:0.29624    G:0.19248
position  3:    T:0.42556    C:0.13083    A:0.31429    G:0.12932
Average         T:0.26867    C:0.18897    A:0.29875    G:0.24361

Sums of codon usage counts
------------------------------------------------------------------------------
Phe F TTT     131 | Ser S TCT     246 | Tyr Y TAT     204 | Cys C TGT       0
      TTC      23 |       TCC      53 |       TAC      82 |       TGC       0
Leu L TTA      95 |       TCA      83 | *** * TAA       0 | *** * TGA       0
      TTG      86 |       TCG      27 |       TAG       0 | Trp W TGG     165
------------------------------------------------------------------------------
Leu L CTT     170 | Pro P CCT     203 | His H CAT      11 | Arg R CGT      53
      CTC      12 |       CCC       1 |       CAC      11 |       CGC      11
      CTA      49 |       CCA     150 | Gln Q CAA     206 |       CGA      30
      CTG      62 |       CCG      17 |       CAG      50 |       CGG       0
------------------------------------------------------------------------------
Ile I ATT     156 | Thr T ACT     232 | Asn N AAT     266 | Ser S AGT     119
      ATC     107 |       ACC      79 |       AAC     178 |       AGC      34
      ATA     103 |       ACA     319 | Lys K AAA     233 | Arg R AGA      21
Met M ATG      97 |       ACG      95 |       AAG      56 |       AGG       2
------------------------------------------------------------------------------
Val V GTT     270 | Ala A GCT     199 | Asp D GAT     403 | Gly G GGT     475
      GTC      48 |       GCC     101 |       GAC     125 |       GGC      79
      GTA     136 |       GCA     314 | Glu E GAA     280 |       GGA     285
      GTG      46 |       GCG      37 |       GAG      59 |       GGG     130
------------------------------------------------------------------------------


Codon position x base (3x4) table, overall

position  1:    T:0.16336    C:0.14163    A:0.28667    G:0.40834
position  2:    T:0.21750    C:0.29474    A:0.29583    G:0.19193
position  3:    T:0.42898    C:0.12905    A:0.31497    G:0.12700
Average         T:0.26995    C:0.18847    A:0.29916    G:0.24242

TREE #  1:  (1, (2, (((3, 5), (6, 10)), (4, (7, (8, 9))))), 11);   MP score: 238
lnL(ntime: 19  np: 22):  -4061.693091      +0.000000
  12..1    12..13   13..2    13..14   14..15   15..16   16..3    16..5    15..17   17..6    17..10   14..18   18..4    18..19   19..7    19..20   20..8    20..9    12..11 
 0.003345 0.003272 0.003351 0.013880 0.005612 0.003293 0.023143 0.006937 0.009762 0.037168 0.050216 0.008470 0.263194 0.007449 0.013368 0.006566 0.019401 0.017097 0.013158 3.727904 0.027665 0.190102

Note: Branch length is defined as number of nucleotide substitutions per codon (not per neucleotide site).

tree length =  0.508681

(1: 0.003345, (2: 0.003351, (((3: 0.023143, 5: 0.006937): 0.003293, (6: 0.037168, 10: 0.050216): 0.009762): 0.005612, (4: 0.263194, (7: 0.013368, (8: 0.019401, 9: 0.017097): 0.006566): 0.007449): 0.008470): 0.013880): 0.003272, 11: 0.013158);

(F58V: 0.003345, (MZ726793_1: 0.003351, (((OP172792_1: 0.023143, JX561091_1: 0.006937): 0.003293, (MH252123_1: 0.037168, KX664695_3: 0.050216): 0.009762): 0.005612, (MN850598_1: 0.263194, (MT944117_1: 0.013368, (OR352955_1: 0.019401, OM386656_1: 0.017097): 0.006566): 0.007449): 0.008470): 0.013880): 0.003272, OR437326_1: 0.013158);

Detailed output identifying parameters

kappa (ts/tv) =  3.72790

Parameters in M7 (beta):
 p =   0.02767  q =   0.19010


MLEs of dN/dS (w) for site classes (K=4)

p:   0.25000  0.25000  0.25000  0.25000
w:   0.00000  0.00000  0.00000  0.49456

dN & dS for each branch

 branch          t       N       S   dN/dS      dN      dS  N*dN  S*dS

  12..1       0.003   1543.0    452.0   0.1236   0.0004   0.0035    0.7    1.6
  12..13      0.003   1543.0    452.0   0.1236   0.0004   0.0034    0.6    1.5
  13..2       0.003   1543.0    452.0   0.1236   0.0004   0.0035    0.7    1.6
  13..14      0.014   1543.0    452.0   0.1236   0.0018   0.0144    2.7    6.5
  14..15      0.006   1543.0    452.0   0.1236   0.0007   0.0058    1.1    2.6
  15..16      0.003   1543.0    452.0   0.1236   0.0004   0.0034    0.6    1.5
  16..3       0.023   1543.0    452.0   0.1236   0.0030   0.0239    4.6   10.8
  16..5       0.007   1543.0    452.0   0.1236   0.0009   0.0072    1.4    3.2
  15..17      0.010   1543.0    452.0   0.1236   0.0012   0.0101    1.9    4.6
  17..6       0.037   1543.0    452.0   0.1236   0.0048   0.0385    7.3   17.4
  17..10      0.050   1543.0    452.0   0.1236   0.0064   0.0520    9.9   23.5
  14..18      0.008   1543.0    452.0   0.1236   0.0011   0.0088    1.7    4.0
  18..4       0.263   1543.0    452.0   0.1236   0.0337   0.2723   51.9  123.1
  18..19      0.007   1543.0    452.0   0.1236   0.0010   0.0077    1.5    3.5
  19..7       0.013   1543.0    452.0   0.1236   0.0017   0.0138    2.6    6.3
  19..20      0.007   1543.0    452.0   0.1236   0.0008   0.0068    1.3    3.1
  20..8       0.019   1543.0    452.0   0.1236   0.0025   0.0201    3.8    9.1
  20..9       0.017   1543.0    452.0   0.1236   0.0022   0.0177    3.4    8.0
  12..11      0.013   1543.0    452.0   0.1236   0.0017   0.0136    2.6    6.2


Time used:  0:41
