CODONML (in paml version 4.9j, October 2019)  paml_endolysin.phy
Model: One dN/dS ratio, 
Codon frequency model: F3x4
ns =  11  ls = 173

Codon usage in sequences
--------------------------------------------------------------------------------------------------------------------------------------
Phe TTT   5   5   7   5   5   5 | Ser TCT   1   1   1   1   1   1 | Tyr TAT   5   5   5   5   5   5 | Cys TGT   2   2   2   2   2   2
    TTC   5   5   3   5   5   5 |     TCC   1   1   1   1   1   1 |     TAC   3   3   3   3   3   3 |     TGC   0   0   0   0   0   0
Leu TTA   6   6   6   6   6   6 |     TCA   1   1   1   1   1   1 | *** TAA   0   0   0   0   0   0 | *** TGA   0   0   0   0   0   0
    TTG   3   3   3   3   3   3 |     TCG   0   0   0   0   0   0 |     TAG   0   0   0   0   0   0 | Trp TGG   2   2   2   2   2   2
--------------------------------------------------------------------------------------------------------------------------------------
Leu CTT   2   2   2   2   2   2 | Pro CCT   3   3   3   3   3   3 | His CAT   2   2   2   2   2   2 | Arg CGT   3   3   2   3   3   3
    CTC   0   0   0   0   0   0 |     CCC   0   0   0   0   0   0 |     CAC   2   2   2   2   2   2 |     CGC   1   1   2   1   1   1
    CTA   4   4   4   4   4   4 |     CCA   1   1   1   1   1   1 | Gln CAA   2   2   2   2   2   2 |     CGA   1   1   2   1   1   1
    CTG   2   2   2   2   2   2 |     CCG   0   0   0   0   0   0 |     CAG   2   2   2   2   2   2 |     CGG   2   2   1   2   2   2
--------------------------------------------------------------------------------------------------------------------------------------
Ile ATT   2   2   2   2   2   2 | Thr ACT   3   3   3   3   3   3 | Asn AAT   5   5   6   5   5   5 | Ser AGT   1   1   1   1   1   1
    ATC   1   1   1   1   1   1 |     ACC   2   2   1   1   2   2 |     AAC   5   5   4   5   5   5 |     AGC   0   0   0   0   0   0
    ATA   3   3   3   3   3   3 |     ACA   7   7   7   7   7   7 | Lys AAA  16  16  16  16  16  16 | Arg AGA   4   4   3   2   3   3
Met ATG   2   2   2   2   2   2 |     ACG   0   0   0   0   0   0 |     AAG   4   4   4   5   4   4 |     AGG   0   0   1   1   1   1
--------------------------------------------------------------------------------------------------------------------------------------
Val GTT   7   7   7   7   7   7 | Ala GCT   5   5   5   5   5   5 | Asp GAT   6   6   6   6   6   6 | Gly GGT   5   5   5   5   5   5
    GTC   2   2   2   2   2   2 |     GCC   2   2   3   3   2   2 |     GAC   0   0   0   0   0   0 |     GGC   0   0   0   0   0   0
    GTA   5   5   5   4   5   5 |     GCA   5   5   5   5   5   5 | Glu GAA   5   5   5   4   5   6 |     GGA   2   2   3   2   2   1
    GTG   3   3   3   4   3   3 |     GCG   4   4   4   4   4   4 |     GAG   3   3   4   4   3   3 |     GGG   3   3   1   3   3   3
--------------------------------------------------------------------------------------------------------------------------------------

----------------------------------------------------------------------------------------------------------------------
Phe TTT   5   5   5   5   5 | Ser TCT   1   1   1   1   1 | Tyr TAT   5   5   5   5   5 | Cys TGT   2   2   2   2   2
    TTC   5   5   5   5   5 |     TCC   1   1   1   1   1 |     TAC   3   3   3   3   3 |     TGC   0   0   0   0   0
Leu TTA   6   6   6   6   6 |     TCA   1   1   1   1   1 | *** TAA   0   0   0   0   0 | *** TGA   0   0   0   0   0
    TTG   3   3   3   3   3 |     TCG   0   0   0   0   0 |     TAG   0   0   0   0   0 | Trp TGG   2   2   2   2   2
----------------------------------------------------------------------------------------------------------------------
Leu CTT   2   2   2   2   2 | Pro CCT   3   3   3   3   3 | His CAT   2   2   2   2   2 | Arg CGT   3   3   3   3   3
    CTC   0   0   0   0   0 |     CCC   0   0   0   0   0 |     CAC   2   2   2   2   2 |     CGC   1   1   1   1   1
    CTA   4   4   4   4   4 |     CCA   1   1   1   1   1 | Gln CAA   2   2   2   2   2 |     CGA   1   1   1   1   1
    CTG   2   2   2   2   2 |     CCG   0   0   0   0   0 |     CAG   2   2   2   2   2 |     CGG   2   2   2   2   2
----------------------------------------------------------------------------------------------------------------------
Ile ATT   2   2   2   2   2 | Thr ACT   3   3   3   3   3 | Asn AAT   5   5   5   5   5 | Ser AGT   1   1   1   1   1
    ATC   1   1   1   1   1 |     ACC   2   1   1   1   2 |     AAC   5   5   5   5   5 |     AGC   0   0   0   0   0
    ATA   3   3   3   3   3 |     ACA   7   7   7   7   7 | Lys AAA  17  16  16  17  16 | Arg AGA   4   2   2   2   3
Met ATG   2   2   2   2   2 |     ACG   0   0   0   0   0 |     AAG   3   5   5   4   4 |     AGG   0   1   1   1   1
----------------------------------------------------------------------------------------------------------------------
Val GTT   7   7   7   7   7 | Ala GCT   5   5   5   5   5 | Asp GAT   6   6   6   6   6 | Gly GGT   5   5   5   5   5
    GTC   2   2   2   2   2 |     GCC   2   3   3   3   2 |     GAC   0   0   0   0   0 |     GGC   0   0   0   0   0
    GTA   5   4   4   4   5 |     GCA   5   5   5   5   5 | Glu GAA   5   4   4   4   5 |     GGA   2   2   2   2   3
    GTG   3   4   4   4   3 |     GCG   4   4   4   4   4 |     GAG   3   4   4   4   3 |     GGG   3   3   3   3   2
----------------------------------------------------------------------------------------------------------------------

Codon position x base (3x4) table for each sequence.

#1: F58V           
position  1:    T:0.19653    C:0.15607    A:0.31792    G:0.32948
position  2:    T:0.30058    C:0.20231    A:0.34682    G:0.15029
position  3:    T:0.32948    C:0.13873    A:0.35838    G:0.17341
Average         T:0.27553    C:0.16570    A:0.34104    G:0.21773

#2: MZ726793_1     
position  1:    T:0.19653    C:0.15607    A:0.31792    G:0.32948
position  2:    T:0.30058    C:0.20231    A:0.34682    G:0.15029
position  3:    T:0.32948    C:0.13873    A:0.35838    G:0.17341
Average         T:0.27553    C:0.16570    A:0.34104    G:0.21773

#3: OP172792_1     
position  1:    T:0.19653    C:0.15607    A:0.31214    G:0.33526
position  2:    T:0.30058    C:0.20231    A:0.35260    G:0.14451
position  3:    T:0.34104    C:0.12717    A:0.36416    G:0.16763
Average         T:0.27938    C:0.16185    A:0.34297    G:0.21580

#4: MN850598_1     
position  1:    T:0.19653    C:0.15607    A:0.31214    G:0.33526
position  2:    T:0.30058    C:0.20231    A:0.35260    G:0.14451
position  3:    T:0.32948    C:0.13873    A:0.33526    G:0.19653
Average         T:0.27553    C:0.16570    A:0.33333    G:0.22543

#5: JX561091_1     
position  1:    T:0.19653    C:0.15607    A:0.31792    G:0.32948
position  2:    T:0.30058    C:0.20231    A:0.34682    G:0.15029
position  3:    T:0.32948    C:0.13873    A:0.35260    G:0.17919
Average         T:0.27553    C:0.16570    A:0.33911    G:0.21965

#6: MH252123_1     
position  1:    T:0.19653    C:0.15607    A:0.31792    G:0.32948
position  2:    T:0.30058    C:0.20231    A:0.35260    G:0.14451
position  3:    T:0.32948    C:0.13873    A:0.35260    G:0.17919
Average         T:0.27553    C:0.16570    A:0.34104    G:0.21773

#7: MT944117_1     
position  1:    T:0.19653    C:0.15607    A:0.31792    G:0.32948
position  2:    T:0.30058    C:0.20231    A:0.34682    G:0.15029
position  3:    T:0.32948    C:0.13873    A:0.36416    G:0.16763
Average         T:0.27553    C:0.16570    A:0.34297    G:0.21580

#8: OR352955_1     
position  1:    T:0.19653    C:0.15607    A:0.31214    G:0.33526
position  2:    T:0.30058    C:0.20231    A:0.35260    G:0.14451
position  3:    T:0.32948    C:0.13873    A:0.33526    G:0.19653
Average         T:0.27553    C:0.16570    A:0.33333    G:0.22543

#9: OM386656_1     
position  1:    T:0.19653    C:0.15607    A:0.31214    G:0.33526
position  2:    T:0.30058    C:0.20231    A:0.35260    G:0.14451
position  3:    T:0.32948    C:0.13873    A:0.33526    G:0.19653
Average         T:0.27553    C:0.16570    A:0.33333    G:0.22543

#10: KX664695_3     
position  1:    T:0.19653    C:0.15607    A:0.31214    G:0.33526
position  2:    T:0.30058    C:0.20231    A:0.35260    G:0.14451
position  3:    T:0.32948    C:0.13873    A:0.34104    G:0.19075
Average         T:0.27553    C:0.16570    A:0.33526    G:0.22351

#11: OR437326_1     
position  1:    T:0.19653    C:0.15607    A:0.31792    G:0.32948
position  2:    T:0.30058    C:0.20231    A:0.34682    G:0.15029
position  3:    T:0.32948    C:0.13873    A:0.35838    G:0.17341
Average         T:0.27553    C:0.16570    A:0.34104    G:0.21773

Sums of codon usage counts
------------------------------------------------------------------------------
Phe F TTT      57 | Ser S TCT      11 | Tyr Y TAT      55 | Cys C TGT      22
      TTC      53 |       TCC      11 |       TAC      33 |       TGC       0
Leu L TTA      66 |       TCA      11 | *** * TAA       0 | *** * TGA       0
      TTG      33 |       TCG       0 |       TAG       0 | Trp W TGG      22
------------------------------------------------------------------------------
Leu L CTT      22 | Pro P CCT      33 | His H CAT      22 | Arg R CGT      32
      CTC       0 |       CCC       0 |       CAC      22 |       CGC      12
      CTA      44 |       CCA      11 | Gln Q CAA      22 |       CGA      12
      CTG      22 |       CCG       0 |       CAG      22 |       CGG      21
------------------------------------------------------------------------------
Ile I ATT      22 | Thr T ACT      33 | Asn N AAT      56 | Ser S AGT      11
      ATC      11 |       ACC      17 |       AAC      54 |       AGC       0
      ATA      33 |       ACA      77 | Lys K AAA     178 | Arg R AGA      32
Met M ATG      22 |       ACG       0 |       AAG      46 |       AGG       8
------------------------------------------------------------------------------
Val V GTT      77 | Ala A GCT      55 | Asp D GAT      66 | Gly G GGT      55
      GTC      22 |       GCC      27 |       GAC       0 |       GGC       0
      GTA      51 |       GCA      55 | Glu E GAA      52 |       GGA      23
      GTG      37 |       GCG      44 |       GAG      38 |       GGG      30
------------------------------------------------------------------------------


Codon position x base (3x4) table, overall

position  1:    T:0.19653    C:0.15607    A:0.31529    G:0.33211
position  2:    T:0.30058    C:0.20231    A:0.34997    G:0.14714
position  3:    T:0.33053    C:0.13768    A:0.35050    G:0.18129
Average         T:0.27588    C:0.16535    A:0.33859    G:0.22018

TREE #  1:  (1, 2, (((((3, 11), (((4, 9), 8), 10)), 5), 6), 7));   MP score: 16
lnL(ntime: 19  np: 21):   -778.448176      +0.000000
  12..1    12..2    12..13   13..14   14..15   15..16   16..17   17..3    17..11   16..18   18..19   19..20   20..4    20..9    19..8    18..10   15..5    14..6    13..7  
 0.000004 0.000004 0.000004 0.005694 0.000004 0.000004 0.005695 0.040963 0.000004 0.028748 0.000004 0.000004 0.000004 0.000004 0.000004 0.005628 0.000004 0.005684 0.005706 999.000000 0.181790

Note: Branch length is defined as number of nucleotide substitutions per codon (not per neucleotide site).

tree length =  0.098167

(1: 0.000004, 2: 0.000004, (((((3: 0.040963, 11: 0.000004): 0.005695, (((4: 0.000004, 9: 0.000004): 0.000004, 8: 0.000004): 0.000004, 10: 0.005628): 0.028748): 0.000004, 5: 0.000004): 0.000004, 6: 0.005684): 0.005694, 7: 0.005706): 0.000004);

(F58V: 0.000004, MZ726793_1: 0.000004, (((((OP172792_1: 0.040963, OR437326_1: 0.000004): 0.005695, (((MN850598_1: 0.000004, OM386656_1: 0.000004): 0.000004, OR352955_1: 0.000004): 0.000004, KX664695_3: 0.005628): 0.028748): 0.000004, JX561091_1: 0.000004): 0.000004, MH252123_1: 0.005684): 0.005694, MT944117_1: 0.005706): 0.000004);

Detailed output identifying parameters

kappa (ts/tv) = 999.00000

omega (dN/dS) =  0.18179

dN & dS for each branch

 branch          t       N       S   dN/dS      dN      dS  N*dN  S*dS

  12..1      0.000   366.3   152.7  0.1818  0.0000  0.0000   0.0   0.0
  12..2      0.000   366.3   152.7  0.1818  0.0000  0.0000   0.0   0.0
  12..13     0.000   366.3   152.7  0.1818  0.0000  0.0000   0.0   0.0
  13..14     0.006   366.3   152.7  0.1818  0.0008  0.0045   0.3   0.7
  14..15     0.000   366.3   152.7  0.1818  0.0000  0.0000   0.0   0.0
  15..16     0.000   366.3   152.7  0.1818  0.0000  0.0000   0.0   0.0
  16..17     0.006   366.3   152.7  0.1818  0.0008  0.0045   0.3   0.7
  17..3      0.041   366.3   152.7  0.1818  0.0059  0.0323   2.2   4.9
  17..11     0.000   366.3   152.7  0.1818  0.0000  0.0000   0.0   0.0
  16..18     0.029   366.3   152.7  0.1818  0.0041  0.0227   1.5   3.5
  18..19     0.000   366.3   152.7  0.1818  0.0000  0.0000   0.0   0.0
  19..20     0.000   366.3   152.7  0.1818  0.0000  0.0000   0.0   0.0
  20..4      0.000   366.3   152.7  0.1818  0.0000  0.0000   0.0   0.0
  20..9      0.000   366.3   152.7  0.1818  0.0000  0.0000   0.0   0.0
  19..8      0.000   366.3   152.7  0.1818  0.0000  0.0000   0.0   0.0
  18..10     0.006   366.3   152.7  0.1818  0.0008  0.0044   0.3   0.7
  15..5      0.000   366.3   152.7  0.1818  0.0000  0.0000   0.0   0.0
  14..6      0.006   366.3   152.7  0.1818  0.0008  0.0045   0.3   0.7
  13..7      0.006   366.3   152.7  0.1818  0.0008  0.0045   0.3   0.7

tree length for dN:       0.0141
tree length for dS:       0.0775


Time used:  0:05
