CODONML (in paml version 4.9j, October 2019)  paml_portal_protein.phy
Model: One dN/dS ratio, 
Codon frequency model: F3x4
ns =  11  ls = 521

Codon usage in sequences
--------------------------------------------------------------------------------------------------------------------------------------
Phe TTT  19  19  19  18  18  19 | Ser TCT  15  15  15  15  15  15 | Tyr TAT  14  13  12  13  13  15 | Cys TGT   1   1   1   1   1   1
    TTC  10  10  10  11  11  10 |     TCC   0   0   0   0   0   0 |     TAC   6   7   8   7   7   5 |     TGC   0   0   0   0   0   0
Leu TTA  13  13  11  11  13  13 |     TCA  10  10  10  10  10  10 | *** TAA   0   0   0   0   0   0 | *** TGA   0   0   0   0   0   0
    TTG   7   6   7   7   8   6 |     TCG   3   3   3   3   3   3 |     TAG   0   0   0   0   0   0 | Trp TGG   3   3   3   3   3   3
--------------------------------------------------------------------------------------------------------------------------------------
Leu CTT  11  11  11  11   9  11 | Pro CCT  17  17  17  17  17  17 | His CAT   1   1   1   1   1   1 | Arg CGT   7   6   7   6   7   6
    CTC   3   3   3   3   5   3 |     CCC   0   0   0   0   0   0 |     CAC   2   2   2   2   2   2 |     CGC   3   5   4   5   4   5
    CTA   6   9   9  10   7   8 |     CCA   8   8   8   8   8   8 | Gln CAA  17  17  17  17  17  17 |     CGA   6   5   5   5   5   5
    CTG   7   5   6   5   5   6 |     CCG   1   1   1   1   1   1 |     CAG   5   5   5   5   5   5 |     CGG   0   0   0   0   0   0
--------------------------------------------------------------------------------------------------------------------------------------
Ile ATT  17  18  18  18  18  18 | Thr ACT  11  11  11  11  10  11 | Asn AAT  12  12  12  12  11  12 | Ser AGT   6   6   6   6   6   6
    ATC  10   9   9   9  10   9 |     ACC   3   3   3   3   3   3 |     AAC  14  15  15  15  16  15 |     AGC   3   2   2   2   3   2
    ATA   4   4   4   4   4   4 |     ACA  12  12  11  12  12  13 | Lys AAA  26  26  27  26  27  26 | Arg AGA   5   5   5   5   5   5
Met ATG  14  14  14  14  14  14 |     ACG   6   6   7   6   6   5 |     AAG   8   8   7   8   7   8 |     AGG   1   1   1   1   1   1
--------------------------------------------------------------------------------------------------------------------------------------
Val GTT  17  16  16  16  15  16 | Ala GCT  18  19  18  19  18  19 | Asp GAT  27  25  25  24  26  25 | Gly GGT  19  19  18  20  20  19
    GTC   0   1   1   1   1   1 |     GCC   6   5   5   5   6   5 |     GAC   9  11  11  12  10  11 |     GGC   2   3   4   2   2   3
    GTA  11  11  10  11  11  11 |     GCA  14  14  14  14  14  14 | Glu GAA  21  19  20  19  19  19 |     GGA   9   9   9   9   9   9
    GTG   3   3   4   3   3   3 |     GCG   3   3   4   3   3   3 |     GAG  11  13  12  13  13  13 |     GGG   4   3   3   3   3   3
--------------------------------------------------------------------------------------------------------------------------------------

----------------------------------------------------------------------------------------------------------------------
Phe TTT  19  18  17  19  19 | Ser TCT  15  15  15  15  15 | Tyr TAT  13  13  13  13  13 | Cys TGT   1   1   1   1   1
    TTC  10  11  12  10  10 |     TCC   0   0   0   0   0 |     TAC   7   7   7   7   7 |     TGC   0   0   0   0   0
Leu TTA  12  12  12  13  13 |     TCA  10  10  10  10  10 | *** TAA   0   0   0   0   0 | *** TGA   0   0   0   0   0
    TTG   8   7   7   7   6 |     TCG   3   3   3   3   3 |     TAG   0   0   0   0   0 | Trp TGG   3   3   3   3   3
----------------------------------------------------------------------------------------------------------------------
Leu CTT  10  11  11  11  11 | Pro CCT  16  17  17  17  17 | His CAT   1   1   1   1   1 | Arg CGT   7   7   6   7   6
    CTC   3   3   3   3   3 |     CCC   1   0   0   0   0 |     CAC   2   2   2   2   2 |     CGC   4   4   5   3   5
    CTA   8   9   9   9   9 |     CCA   8   8   8   8   8 | Gln CAA  17  17  17  17  17 |     CGA   5   5   5   6   5
    CTG   6   5   5   4   5 |     CCG   1   1   1   1   1 |     CAG   5   5   5   5   5 |     CGG   0   0   0   0   0
----------------------------------------------------------------------------------------------------------------------
Ile ATT  18  18  18  16  18 | Thr ACT  10  11  11  12  11 | Asn AAT  12  12  12  12  12 | Ser AGT   6   6   5   6   6
    ATC   9   9   9  11   9 |     ACC   3   3   3   2   3 |     AAC  15  15  15  14  15 |     AGC   2   2   3   3   2
    ATA   4   4   4   4   4 |     ACA  11  11  12  12  12 | Lys AAA  27  26  26  25  26 | Arg AGA   5   6   5   5   5
Met ATG  14  14  14  14  14 |     ACG   8   7   6   6   6 |     AAG   7   8   8   9   8 |     AGG   1   0   1   1   1
----------------------------------------------------------------------------------------------------------------------
Val GTT  16  16  16  16  16 | Ala GCT  18  19  19  18  19 | Asp GAT  26  25  25  27  25 | Gly GGT  19  20  21  19  19
    GTC   1   1   1   1   1 |     GCC   5   5   5   6   5 |     GAC  10  11  11   9  11 |     GGC   3   2   2   2   3
    GTA  10  11  11  11  11 |     GCA  13  14  15  15  14 | Glu GAA  20  19  19  21  19 |     GGA   9   9   8   8   9
    GTG   4   3   3   3   3 |     GCG   5   3   2   2   3 |     GAG  12  13  13  11  13 |     GGG   3   3   3   5   3
----------------------------------------------------------------------------------------------------------------------

Codon position x base (3x4) table for each sequence.

#1: F58V           
position  1:    T:0.19386    C:0.18042    A:0.29175    G:0.33397
position  2:    T:0.29175    C:0.24376    A:0.33205    G:0.13244
position  3:    T:0.40691    C:0.13628    A:0.31094    G:0.14587
Average         T:0.29750    C:0.18682    A:0.31158    G:0.20409

#2: MZ726793_1     
position  1:    T:0.19194    C:0.18234    A:0.29175    G:0.33397
position  2:    T:0.29175    C:0.24376    A:0.33397    G:0.13052
position  3:    T:0.40115    C:0.14587    A:0.31094    G:0.14203
Average         T:0.29495    C:0.19066    A:0.31222    G:0.20218

#3: OP172792_1     
position  1:    T:0.19002    C:0.18426    A:0.29175    G:0.33397
position  2:    T:0.29175    C:0.24376    A:0.33397    G:0.13052
position  3:    T:0.39731    C:0.14779    A:0.30710    G:0.14779
Average         T:0.29303    C:0.19194    A:0.31094    G:0.20409

#4: MN850598_1     
position  1:    T:0.19002    C:0.18426    A:0.29175    G:0.33397
position  2:    T:0.29175    C:0.24376    A:0.33397    G:0.13052
position  3:    T:0.39923    C:0.14779    A:0.30902    G:0.14395
Average         T:0.29367    C:0.19194    A:0.31158    G:0.20282

#5: JX561091_1     
position  1:    T:0.19578    C:0.17850    A:0.29367    G:0.33205
position  2:    T:0.29175    C:0.24184    A:0.33397    G:0.13244
position  3:    T:0.39347    C:0.15355    A:0.30902    G:0.14395
Average         T:0.29367    C:0.19130    A:0.31222    G:0.20282

#6: MH252123_1     
position  1:    T:0.19194    C:0.18234    A:0.29175    G:0.33397
position  2:    T:0.29175    C:0.24376    A:0.33397    G:0.13052
position  3:    T:0.40499    C:0.14203    A:0.31094    G:0.14203
Average         T:0.29623    C:0.18938    A:0.31222    G:0.20218

#7: MT944117_1     
position  1:    T:0.19386    C:0.18042    A:0.29175    G:0.33397
position  2:    T:0.29175    C:0.24376    A:0.33397    G:0.13052
position  3:    T:0.39731    C:0.14395    A:0.30518    G:0.15355
Average         T:0.29431    C:0.18938    A:0.31030    G:0.20601

#8: OR352955_1     
position  1:    T:0.19194    C:0.18234    A:0.29175    G:0.33397
position  2:    T:0.29175    C:0.24376    A:0.33397    G:0.13052
position  3:    T:0.40307    C:0.14395    A:0.30902    G:0.14395
Average         T:0.29559    C:0.19002    A:0.31158    G:0.20282

#9: OM386656_1     
position  1:    T:0.19194    C:0.18234    A:0.29175    G:0.33397
position  2:    T:0.29175    C:0.24376    A:0.33397    G:0.13052
position  3:    T:0.39923    C:0.14971    A:0.30902    G:0.14203
Average         T:0.29431    C:0.19194    A:0.31158    G:0.20218

#10: KX664695_3     
position  1:    T:0.19386    C:0.18042    A:0.29175    G:0.33397
position  2:    T:0.29175    C:0.24376    A:0.33205    G:0.13244
position  3:    T:0.40307    C:0.14012    A:0.31478    G:0.14203
Average         T:0.29623    C:0.18810    A:0.31286    G:0.20282

#11: OR437326_1     
position  1:    T:0.19194    C:0.18234    A:0.29175    G:0.33397
position  2:    T:0.29175    C:0.24376    A:0.33397    G:0.13052
position  3:    T:0.40115    C:0.14587    A:0.31094    G:0.14203
Average         T:0.29495    C:0.19066    A:0.31222    G:0.20218

Sums of codon usage counts
------------------------------------------------------------------------------
Phe F TTT     204 | Ser S TCT     165 | Tyr Y TAT     145 | Cys C TGT      11
      TTC     115 |       TCC       0 |       TAC      75 |       TGC       0
Leu L TTA     136 |       TCA     110 | *** * TAA       0 | *** * TGA       0
      TTG      76 |       TCG      33 |       TAG       0 | Trp W TGG      33
------------------------------------------------------------------------------
Leu L CTT     118 | Pro P CCT     186 | His H CAT      11 | Arg R CGT      72
      CTC      35 |       CCC       1 |       CAC      22 |       CGC      47
      CTA      93 |       CCA      88 | Gln Q CAA     187 |       CGA      57
      CTG      59 |       CCG      11 |       CAG      55 |       CGG       0
------------------------------------------------------------------------------
Ile I ATT     195 | Thr T ACT     120 | Asn N AAT     131 | Ser S AGT      65
      ATC     103 |       ACC      32 |       AAC     164 |       AGC      26
      ATA      44 |       ACA     130 | Lys K AAA     288 | Arg R AGA      56
Met M ATG     154 |       ACG      69 |       AAG      86 |       AGG      10
------------------------------------------------------------------------------
Val V GTT     176 | Ala A GCT     204 | Asp D GAT     280 | Gly G GGT     213
      GTC      10 |       GCC      58 |       GAC     116 |       GGC      28
      GTA     119 |       GCA     155 | Glu E GAA     215 |       GGA      97
      GTG      35 |       GCG      34 |       GAG     137 |       GGG      36
------------------------------------------------------------------------------


Codon position x base (3x4) table, overall

position  1:    T:0.19246    C:0.18182    A:0.29192    G:0.33380
position  2:    T:0.29175    C:0.24359    A:0.33362    G:0.13104
position  3:    T:0.40063    C:0.14518    A:0.30972    G:0.14448
Average         T:0.29495    C:0.19019    A:0.31175    G:0.20311

TREE #  1:  (1, ((((((2, 11), 6), 4), (8, 9)), 5), (3, 7)), 10);   MP score: 83
lnL(ntime: 19  np: 21):  -2541.748656      +0.000000
  12..1    12..13   13..14   14..15   15..16   16..17   17..18   18..2    18..11   17..6    16..4    15..19   19..8    19..9    14..5    13..20   20..3    20..7    12..10 
 0.005450 0.041365 0.000765 0.006434 0.001939 0.003923 0.000004 0.000004 0.000004 0.007846 0.005865 0.000004 0.005858 0.007830 0.029763 0.014881 0.009758 0.012105 0.018727 12.448960 0.012445

Note: Branch length is defined as number of nucleotide substitutions per codon (not per neucleotide site).

tree length =  0.172523

(1: 0.005450, ((((((2: 0.000004, 11: 0.000004): 0.000004, 6: 0.007846): 0.003923, 4: 0.005865): 0.001939, (8: 0.005858, 9: 0.007830): 0.000004): 0.006434, 5: 0.029763): 0.000765, (3: 0.009758, 7: 0.012105): 0.014881): 0.041365, 10: 0.018727);

(F58V: 0.005450, ((((((MZ726793_1: 0.000004, OR437326_1: 0.000004): 0.000004, MH252123_1: 0.007846): 0.003923, MN850598_1: 0.005865): 0.001939, (OR352955_1: 0.005858, OM386656_1: 0.007830): 0.000004): 0.006434, JX561091_1: 0.029763): 0.000765, (OP172792_1: 0.009758, MT944117_1: 0.012105): 0.014881): 0.041365, KX664695_3: 0.018727);

Detailed output identifying parameters

kappa (ts/tv) = 12.44896

omega (dN/dS) =  0.01245

dN & dS for each branch

 branch          t       N       S   dN/dS      dN      dS  N*dN  S*dS

  12..1      0.005  1155.5   407.5  0.0124  0.0001  0.0067   0.1   2.7
  12..13     0.041  1155.5   407.5  0.0124  0.0006  0.0511   0.7  20.8
  13..14     0.001  1155.5   407.5  0.0124  0.0000  0.0009   0.0   0.4
  14..15     0.006  1155.5   407.5  0.0124  0.0001  0.0079   0.1   3.2
  15..16     0.002  1155.5   407.5  0.0124  0.0000  0.0024   0.0   1.0
  16..17     0.004  1155.5   407.5  0.0124  0.0001  0.0048   0.1   2.0
  17..18     0.000  1155.5   407.5  0.0124  0.0000  0.0000   0.0   0.0
  18..2      0.000  1155.5   407.5  0.0124  0.0000  0.0000   0.0   0.0
  18..11     0.000  1155.5   407.5  0.0124  0.0000  0.0000   0.0   0.0
  17..6      0.008  1155.5   407.5  0.0124  0.0001  0.0097   0.1   3.9
  16..4      0.006  1155.5   407.5  0.0124  0.0001  0.0072   0.1   3.0
  15..19     0.000  1155.5   407.5  0.0124  0.0000  0.0000   0.0   0.0
  19..8      0.006  1155.5   407.5  0.0124  0.0001  0.0072   0.1   2.9
  19..9      0.008  1155.5   407.5  0.0124  0.0001  0.0097   0.1   3.9
  14..5      0.030  1155.5   407.5  0.0124  0.0005  0.0368   0.5  15.0
  13..20     0.015  1155.5   407.5  0.0124  0.0002  0.0184   0.3   7.5
  20..3      0.010  1155.5   407.5  0.0124  0.0001  0.0121   0.2   4.9
  20..7      0.012  1155.5   407.5  0.0124  0.0002  0.0149   0.2   6.1
  12..10     0.019  1155.5   407.5  0.0124  0.0003  0.0231   0.3   9.4

tree length for dN:       0.0027
tree length for dS:       0.2130


Time used:  0:11
