CODONML (in paml version 4.9j, October 2019)  paml_DNA_helicase.phy
Model: One dN/dS ratio, 
Codon frequency model: F3x4
ns =  11  ls = 530

Codon usage in sequences
--------------------------------------------------------------------------------------------------------------------------------------
Phe TTT  11  10  11  11  11  12 | Ser TCT  11  11  10  12  13  13 | Tyr TAT  12  14  14  13  14  14 | Cys TGT   5   5   5   5   4   5
    TTC   8   9   8   8   8   7 |     TCC   2   2   2   2   1   0 |     TAC   7   5   5   6   5   5 |     TGC   1   1   1   1   2   1
Leu TTA  10  10   9   9  10   7 |     TCA   9   9   9   8   8   9 | *** TAA   0   0   0   0   0   0 | *** TGA   0   0   0   0   0   0
    TTG  10  10  11  10  10  11 |     TCG   1   1   2   1   1   1 |     TAG   0   0   0   0   0   0 | Trp TGG   5   5   5   5   5   5
--------------------------------------------------------------------------------------------------------------------------------------
Leu CTT  12  11  11  11  11  12 | Pro CCT  13  13  13  13  13  13 | His CAT  11  10  12  12  11  11 | Arg CGT  19  19  18  18  19  19
    CTC   3   2   2   3   2   3 |     CCC   0   0   0   0   0   0 |     CAC   3   4   2   2   3   3 |     CGC   2   2   3   3   2   2
    CTA   4   6   4   5   5   6 |     CCA   3   3   3   4   3   3 | Gln CAA  12  12  12  13  12  13 |     CGA   5   5   6   6   7   6
    CTG   8   8  10   9   9   8 |     CCG   2   2   2   1   2   2 |     CAG   7   7   7   7   7   6 |     CGG   2   2   1   1   0   1
--------------------------------------------------------------------------------------------------------------------------------------
Ile ATT  26  27  27  29  26  26 | Thr ACT  11  12  10  12  12  13 | Asn AAT  14  14  15  15  15  15 | Ser AGT   8   8   9  10   8   7
    ATC   8   7   7   5   8   8 |     ACC   6   4   6   5   4   4 |     AAC  15  15  14  14  14  14 |     AGC   4   4   3   2   4   5
    ATA   1   1   1   1   1   1 |     ACA  10  11  11  11  11  10 | Lys AAA  32  33  32  33  33  32 | Arg AGA   2   2   2   2   2   2
Met ATG  14  14  14  14  14  14 |     ACG   5   5   5   4   5   5 |     AAG  13  12  13  11  12  13 |     AGG   0   0   0   0   0   0
--------------------------------------------------------------------------------------------------------------------------------------
Val GTT  21  21  19  21  21  21 | Ala GCT  19  19  18  19  18  19 | Asp GAT  23  22  22  23  22  25 | Gly GGT  12  13  12  13  13  13
    GTC   1   1   3   1   2   1 |     GCC   3   3   5   3   3   3 |     GAC   8   8  10   9   8   7 |     GGC   3   2   2   1   2   2
    GTA   8   8   8   8   7   8 |     GCA   8   8   9   9   9   9 | Glu GAA  23  24  23  24  25  24 |     GGA   8   8   7   9   8   8
    GTG   6   6   6   6   6   6 |     GCG   4   4   2   3   4   3 |     GAG  13  13  12  11  12  11 |     GGG   3   3   5   3   3   3
--------------------------------------------------------------------------------------------------------------------------------------

----------------------------------------------------------------------------------------------------------------------
Phe TTT  10  10  11  11  11 | Ser TCT  12  13  13  13  12 | Tyr TAT  14  12  10  11  14 | Cys TGT   5   5   5   5   5
    TTC   9   9   8   8   8 |     TCC   2   0   0   0   1 |     TAC   5   7   9   9   5 |     TGC   1   1   1   1   1
Leu TTA  10   9   9   9   9 |     TCA   8   9   9   9   9 | *** TAA   0   0   0   0   0 | *** TGA   0   0   0   0   0
    TTG  10  11  11  11  10 |     TCG   1   1   1   1   1 |     TAG   0   0   0   0   0 | Trp TGG   5   5   5   5   5
----------------------------------------------------------------------------------------------------------------------
Leu CTT  11  12  12  12  11 | Pro CCT  13  13  13  13  13 | His CAT  10  11  11  10  10 | Arg CGT  19  18  18  18  19
    CTC   2   2   2   2   2 |     CCC   0   0   0   0   0 |     CAC   4   3   3   3   4 |     CGC   2   3   3   3   2
    CTA   5   4   4   4   7 |     CCA   3   3   3   3   3 | Gln CAA  12  13  13  13  12 |     CGA   6   6   7   7   5
    CTG   9   9   9   9   8 |     CCG   2   2   2   2   2 |     CAG   7   7   7   7   7 |     CGG   1   1   0   0   2
----------------------------------------------------------------------------------------------------------------------
Ile ATT  26  27  27  27  26 | Thr ACT  12  11  11  11  12 | Asn AAT  14  15  15  15  13 | Ser AGT   8  10  10  10   8
    ATC   8   7   7   7   8 |     ACC   4   6   6   6   4 |     AAC  14  14  14  14  16 |     AGC   4   2   2   2   4
    ATA   1   1   1   1   1 |     ACA  11  10   9   9  11 | Lys AAA  33  31  31  31  32 | Arg AGA   2   2   2   2   2
Met ATG  14  14  14  14  14 |     ACG   5   5   6   6   5 |     AAG  13  13  13  13  13 |     AGG   0   0   0   0   0
----------------------------------------------------------------------------------------------------------------------
Val GTT  21  21  21  21  21 | Ala GCT  19  19  19  19  19 | Asp GAT  22  25  24  24  22 | Gly GGT  13  13  13  13  13
    GTC   2   1   1   1   1 |     GCC   3   3   3   3   3 |     GAC   8   7   8   8   8 |     GGC   2   2   1   1   2
    GTA   7   8   8   8   8 |     GCA   9   8   8   8   8 | Glu GAA  25  24  23  23  24 |     GGA   8   9   8   8   8
    GTG   6   6   6   6   6 |     GCG   3   4   4   4   4 |     GAG  12  11  12  12  13 |     GGG   3   2   4   4   3
----------------------------------------------------------------------------------------------------------------------

Codon position x base (3x4) table for each sequence.

#1: F58V           
position  1:    T:0.17358    C:0.20000    A:0.31887    G:0.30755
position  2:    T:0.28491    C:0.20189    A:0.36415    G:0.14906
position  3:    T:0.43019    C:0.13962    A:0.25472    G:0.17547
Average         T:0.29623    C:0.18050    A:0.31258    G:0.21069

#2: MZ726793_1     
position  1:    T:0.17358    C:0.20000    A:0.31887    G:0.30755
position  2:    T:0.28491    C:0.20189    A:0.36415    G:0.14906
position  3:    T:0.43208    C:0.13019    A:0.26415    G:0.17358
Average         T:0.29686    C:0.17736    A:0.31572    G:0.21006

#3: OP172792_1     
position  1:    T:0.17358    C:0.20000    A:0.31887    G:0.30755
position  2:    T:0.28491    C:0.20189    A:0.36415    G:0.14906
position  3:    T:0.42642    C:0.13774    A:0.25660    G:0.17925
Average         T:0.29497    C:0.17987    A:0.31321    G:0.21195

#4: MN850598_1     
position  1:    T:0.17170    C:0.20377    A:0.31698    G:0.30755
position  2:    T:0.28491    C:0.20189    A:0.36415    G:0.14906
position  3:    T:0.44717    C:0.12264    A:0.26792    G:0.16226
Average         T:0.30126    C:0.17610    A:0.31635    G:0.20629

#5: JX561091_1     
position  1:    T:0.17358    C:0.20000    A:0.31887    G:0.30755
position  2:    T:0.28491    C:0.20189    A:0.36415    G:0.14906
position  3:    T:0.43585    C:0.12830    A:0.26604    G:0.16981
Average         T:0.29811    C:0.17673    A:0.31635    G:0.20881

#6: MH252123_1     
position  1:    T:0.16981    C:0.20377    A:0.31887    G:0.30755
position  2:    T:0.28491    C:0.20189    A:0.36415    G:0.14906
position  3:    T:0.44906    C:0.12264    A:0.26038    G:0.16792
Average         T:0.30126    C:0.17610    A:0.31447    G:0.20818

#7: MT944117_1     
position  1:    T:0.17358    C:0.20000    A:0.31887    G:0.30755
position  2:    T:0.28491    C:0.20189    A:0.36415    G:0.14906
position  3:    T:0.43208    C:0.13208    A:0.26415    G:0.17170
Average         T:0.29686    C:0.17799    A:0.31572    G:0.20943

#8: OR352955_1     
position  1:    T:0.17358    C:0.20189    A:0.31698    G:0.30755
position  2:    T:0.28491    C:0.20189    A:0.36415    G:0.14906
position  3:    T:0.44340    C:0.12642    A:0.25849    G:0.17170
Average         T:0.30063    C:0.17673    A:0.31321    G:0.20943

#9: OM386656_1     
position  1:    T:0.17358    C:0.20189    A:0.31698    G:0.30755
position  2:    T:0.28491    C:0.20189    A:0.36415    G:0.14906
position  3:    T:0.43962    C:0.12830    A:0.25472    G:0.17736
Average         T:0.29937    C:0.17736    A:0.31195    G:0.21132

#10: KX664695_3     
position  1:    T:0.17547    C:0.20000    A:0.31698    G:0.30755
position  2:    T:0.28491    C:0.20189    A:0.36415    G:0.14906
position  3:    T:0.43962    C:0.12830    A:0.25472    G:0.17736
Average         T:0.30000    C:0.17673    A:0.31195    G:0.21132

#11: OR437326_1     
position  1:    T:0.17170    C:0.20189    A:0.31887    G:0.30755
position  2:    T:0.28491    C:0.20189    A:0.36415    G:0.14906
position  3:    T:0.43208    C:0.13019    A:0.26226    G:0.17547
Average         T:0.29623    C:0.17799    A:0.31509    G:0.21069

Sums of codon usage counts
------------------------------------------------------------------------------
Phe F TTT     119 | Ser S TCT     133 | Tyr Y TAT     142 | Cys C TGT      54
      TTC      90 |       TCC      12 |       TAC      68 |       TGC      12
Leu L TTA     101 |       TCA      96 | *** * TAA       0 | *** * TGA       0
      TTG     115 |       TCG      12 |       TAG       0 | Trp W TGG      55
------------------------------------------------------------------------------
Leu L CTT     126 | Pro P CCT     143 | His H CAT     119 | Arg R CGT     204
      CTC      25 |       CCC       0 |       CAC      34 |       CGC      27
      CTA      54 |       CCA      34 | Gln Q CAA     137 |       CGA      66
      CTG      96 |       CCG      21 |       CAG      76 |       CGG      11
------------------------------------------------------------------------------
Ile I ATT     294 | Thr T ACT     127 | Asn N AAT     160 | Ser S AGT      96
      ATC      80 |       ACC      55 |       AAC     158 |       AGC      36
      ATA      11 |       ACA     114 | Lys K AAA     353 | Arg R AGA      22
Met M ATG     154 |       ACG      56 |       AAG     139 |       AGG       0
------------------------------------------------------------------------------
Val V GTT     229 | Ala A GCT     207 | Asp D GAT     254 | Gly G GGT     141
      GTC      15 |       GCC      35 |       GAC      89 |       GGC      20
      GTA      86 |       GCA      93 | Glu E GAA     262 |       GGA      89
      GTG      66 |       GCG      39 |       GAG     132 |       GGG      36
------------------------------------------------------------------------------


Codon position x base (3x4) table, overall

position  1:    T:0.17307    C:0.20120    A:0.31818    G:0.30755
position  2:    T:0.28491    C:0.20189    A:0.36415    G:0.14906
position  3:    T:0.43705    C:0.12967    A:0.26038    G:0.17290
Average         T:0.29834    C:0.17759    A:0.31424    G:0.20983

TREE #  1:  (1, (2, ((5, 7), 11)), (((3, 4), (8, (9, 10))), 6));   MP score: 131
lnL(ntime: 19  np: 21):  -2789.281931      +0.000000
  12..1    12..13   13..2    13..14   14..15   15..5    15..7    14..11   12..16   16..17   17..18   18..3    18..4    17..19   19..8    19..20   20..9    20..10   16..6  
 0.005336 0.019610 0.000004 0.005685 0.011457 0.013262 0.001961 0.009392 0.013359 0.009285 0.010902 0.082768 0.022718 0.007906 0.005724 0.011519 0.000004 0.001882 0.027229 5.344366 0.013963

Note: Branch length is defined as number of nucleotide substitutions per codon (not per neucleotide site).

tree length =  0.260005

(1: 0.005336, (2: 0.000004, ((5: 0.013262, 7: 0.001961): 0.011457, 11: 0.009392): 0.005685): 0.019610, (((3: 0.082768, 4: 0.022718): 0.010902, (8: 0.005724, (9: 0.000004, 10: 0.001882): 0.011519): 0.007906): 0.009285, 6: 0.027229): 0.013359);

(F58V: 0.005336, (MZ726793_1: 0.000004, ((JX561091_1: 0.013262, MT944117_1: 0.001961): 0.011457, OR437326_1: 0.009392): 0.005685): 0.019610, (((OP172792_1: 0.082768, MN850598_1: 0.022718): 0.010902, (OR352955_1: 0.005724, (OM386656_1: 0.000004, KX664695_3: 0.001882): 0.011519): 0.007906): 0.009285, MH252123_1: 0.027229): 0.013359);

Detailed output identifying parameters

kappa (ts/tv) =  5.34437

omega (dN/dS) =  0.01396

dN & dS for each branch

 branch          t       N       S   dN/dS      dN      dS  N*dN  S*dS

  12..1      0.005  1223.2   366.8  0.0140  0.0001  0.0074   0.1   2.7
  12..13     0.020  1223.2   366.8  0.0140  0.0004  0.0271   0.5   9.9
  13..2      0.000  1223.2   366.8  0.0140  0.0000  0.0000   0.0   0.0
  13..14     0.006  1223.2   366.8  0.0140  0.0001  0.0078   0.1   2.9
  14..15     0.011  1223.2   366.8  0.0140  0.0002  0.0158   0.3   5.8
  15..5      0.013  1223.2   366.8  0.0140  0.0003  0.0183   0.3   6.7
  15..7      0.002  1223.2   366.8  0.0140  0.0000  0.0027   0.0   1.0
  14..11     0.009  1223.2   366.8  0.0140  0.0002  0.0130   0.2   4.8
  12..16     0.013  1223.2   366.8  0.0140  0.0003  0.0184   0.3   6.8
  16..17     0.009  1223.2   366.8  0.0140  0.0002  0.0128   0.2   4.7
  17..18     0.011  1223.2   366.8  0.0140  0.0002  0.0151   0.3   5.5
  18..3      0.083  1223.2   366.8  0.0140  0.0016  0.1143   2.0  41.9
  18..4      0.023  1223.2   366.8  0.0140  0.0004  0.0314   0.5  11.5
  17..19     0.008  1223.2   366.8  0.0140  0.0002  0.0109   0.2   4.0
  19..8      0.006  1223.2   366.8  0.0140  0.0001  0.0079   0.1   2.9
  19..20     0.012  1223.2   366.8  0.0140  0.0002  0.0159   0.3   5.8
  20..9      0.000  1223.2   366.8  0.0140  0.0000  0.0000   0.0   0.0
  20..10     0.002  1223.2   366.8  0.0140  0.0000  0.0026   0.0   1.0
  16..6      0.027  1223.2   366.8  0.0140  0.0005  0.0376   0.6  13.8

tree length for dN:       0.0050
tree length for dS:       0.3590


Time used:  0:14
